0x00000000 (0xcc728013)
0x00000004 (0xe1430013)
0x00000008 (0x10138013)
0x0000000c (0xf7d40013)
0x00000010 (0xcde48013)
0x00000014 (0xdfc50013)
0x00000018 (0xf2158013)
0x0000001c (0xd2460013)
0x00000020 (0xed268013)
0x00000024 (0x3e770013)
0x00000028 (0xc2678013)
0x0000002c (0x1c780013)
0x00000030 (0x28988013)
0x00000034 (0xd7390013)
0x00000038 (0xf2e98013)
0x0000003c (0xfe3a0013)
0x00000040 (0x0aaa8013)
0x00000044 (0x211b0013)
0x00000048 (0x3afb8013)
0x0000004c (0x23bc0013)
0x00000050 (0xf13c8013)
0x00000054 (0xdedd0013)
0x00000058 (0x2f5d8013)
0x0000005c (0xf4ae0013)
0x00000060 (0x29ee8013)
0x00000064 (0x0c4f0013)
0x00000068 (0xe88f8013)
0x0000006c (0x01cf85b3) x11 0x00000000
0x00000070 (0xfdf58793) x15 0xffffffdf
0x00000074 (0x010c0fb3) x31 0x00000000
0x00000078 (0x011fc733) x14 0x00000000
0x0000007c (0x020ffc13) x24 0x00000000
0x00000080 (0x009d0ab3) x21 0x00000000
0x00000084 (0x01cacb33) x22 0x00000000
0x00000088 (0x00fa86b3) x13 0xffffffdf
0x0000008c (0x406a8333) x6  0x00000000
0x00000090 (0x00e68e33) x28 0xffffffdf
0x00000094 (0x01ee6fb3) x31 0xffffffdf
0x00000098 (0x026e4413) x8  0xfffffff9
0x0000009c (0x001e6913) x18 0xffffffdf
0x000000a0 (0x409e0cb3) x25 0xffffffdf
0x000000a4 (0x00e40333) x6  0xfffffff9
0x000000a8 (0x016304b3) x9  0xfffffff9
0x000000ac (0x02436d93) x27 0xfffffffd
0x000000b0 (0x01c30b33) x22 0xffffffd8
0x000000b4 (0x00637e33) x28 0xfffffff9
0x000000b8 (0x00737833) x16 0x00000000
0x000000bc (0x00a588b3) x17 0x00000000
0x000000c0 (0x41150ab3) x21 0x00000000
0x000000c4 (0x00ef8ab3) x21 0xffffffdf
0x000000c8 (0x015c4333) x6  0xffffffdf
0x000000cc (0x015c42b3) x5  0xffffffdf
0x000000d0 (0x01dc89b3) x19 0xffffffdf
0x000000d4 (0x413f0833) x16 0x00000021
0x000000d8 (0x013f0f33) x30 0xffffffdf
0x000000dc (0x013f7b33) x22 0xffffffdf
0x000000e0 (0x008b82b3) x5  0xfffffff9
0x000000e4 (0x00540cb3) x25 0xfffffff2
0x000000e8 (0x005407b3) x15 0xfffffff2
0x000000ec (0x005aeab3) x21 0xffffffff
0x000000f0 (0x0059f3b3) x7  0xffffffd9
0x000000f4 (0x01dd89b3) x19 0xfffffffd
0x000000f8 (0x0132e533) x10 0xfffffffd
0x000000fc (0x0132ef33) x30 0xfffffffd
0x00000100 (0x013a6fb3) x31 0xfffffffd
0x00000104 (0x013a7fb3) x31 0x00000000
0x00000108 (0x413a0433) x8  0x00000003
0x0000010c (0x41490d33) x26 0xffffffdf
0x00000110 (0x00ad4633) x12 0x00000022
0x00000114 (0x40a98633) x12 0x00000000
0x00000118 (0x01067433) x8  0x00000000
0x0000011c (0x01e64e13) x28 0x0000001e
0x00000120 (0x40e38e33) x28 0xffffffd9
0x00000124 (0x00ce0e33) x28 0xffffffd9
0x00000128 (0x00ce43b3) x7  0xffffffd9
0x0000012c (0x016e0593) x11 0xffffffef
0x00000130 (0x41b38433) x8  0xffffffdc
0x00000134 (0xfd846393) x7  0xffffffdc
0x00000138 (0xfe544e13) x28 0x00000039
0x0000013c (0x01040e33) x28 0xfffffffd
0x00000140 (0x01246bb3) x23 0xffffffdf
0x00000144 (0x40930633) x12 0xffffffe6
0x00000148 (0x00664db3) x27 0x00000039
0x0000014c (0x014647b3) x15 0xffffffe6
0x00000150 (0x41a60633) x12 0x00000007
0x00000154 (0x00960a93) x21 0x00000010
0x00000158 (0xff966b93) x23 0xffffffff
0x0000015c (0x40f982b3) x5  0x00000017
0x00000160 (0x00580633) x12 0x00000038
0x00000164 (0x41cd8833) x16 0x0000003c
0x00000168 (0x010e6eb3) x29 0xfffffffd
0x0000016c (0x01096bb3) x23 0xffffffff
0x00000170 (0x410a8533) x10 0xffffffd4
0x00000174 (0x00a87d33) x26 0x00000014
0x00000178 (0x00a2cb33) x22 0xffffffc3
0x0000017c (0x00ad4c33) x24 0xffffffc0
0x00000180 (0x40870833) x16 0x00000024
0x00000184 (0x01046833) x16 0xfffffffc
0x00000188 (0x41038fb3) x31 0xffffffe0
0x0000018c (0x0108e8b3) x17 0xfffffffc
0x00000190 (0x41088333) x6  0x00000000
0x00000194 (0x41440c33) x24 0xffffffdc
0x00000198 (0x018a74b3) x9  0x00000000
0x0000019c (0x018a4db3) x27 0xffffffdc
0x000001a0 (0x018e04b3) x9  0xffffffd9
0x000001a4 (0x41860bb3) x23 0x0000005c
0x000001a8 (0x01864533) x10 0xffffffe4
0x000001ac (0x01434e33) x28 0x00000000
0x000001b0 (0x005e4e33) x28 0x00000017
0x000001b4 (0x01a74833) x16 0x00000014
0x000001b8 (0x01280933) x18 0xfffffff3
0x000001bc (0x00187a93) x21 0x00000000
0x000001c0 (0x0108cd33) x26 0xffffffe8
0x000001c4 (0x01cd4833) x16 0xffffffff
0x000001c8 (0x01cd6633) x12 0xffffffff
0x000001cc (0x41fd0c33) x24 0x00000008
0x000001d0 (0x00f3c333) x6  0x0000003a
0x000001d4 (0x006306b3) x13 0x00000074
0x000001d8 (0xfef36713) x14 0xffffffff
0x000001dc (0x02637313) x6  0x00000022
0x000001e0 (0xff330893) x17 0x00000015
0x000001e4 (0x00b9ccb3) x25 0x00000012
0x000001e8 (0x40bc8733) x14 0x00000023
0x000001ec (0x003ced13) x26 0x00000013
0x000001f0 (0xfd8ce913) x18 0xffffffda
0x000001f4 (0x016c8433) x8  0xffffffd5
0x000001f8 (0x41ec82b3) x5  0x00000015
0x000001fc (0x013842b3) x5  0x00000002
0x00000200 (0x0059ccb3) x25 0xffffffff
0x00000204 (0x005e4db3) x27 0x00000015
0x00000208 (0x01b2f3b3) x7  0x00000000
0x0000020c (0x01bfceb3) x29 0xfffffff5
0x00000210 (0x00b54333) x6  0x0000000b
0x00000214 (0x006d8633) x12 0x00000020
0x00000218 (0x00644fb3) x31 0xffffffde
0x0000021c (0x006507b3) x15 0xffffffef
0x00000220 (0x01644633) x12 0x00000016
0x00000224 (0x00cb7db3) x27 0x00000002
0x00000228 (0x40cb0833) x16 0xffffffad
0x0000022c (0x40ca0d33) x26 0xffffffea
0x00000230 (0x40cf0bb3) x23 0xffffffe7
0x00000234 (0x01eecd33) x26 0x00000008
0x00000238 (0x01a88c33) x24 0x0000001d
0x0000023c (0x01a87cb3) x25 0x00000008
0x00000240 (0x01a84733) x14 0xffffffa5
0x00000244 (0x41a80333) x6  0xffffffa5
0x00000248 (0x01ad4433) x8  0x00000000
0x0000024c (0x0137e633) x12 0xffffffff
0x00000250 (0x00566cb3) x25 0xffffffff
0x00000254 (0x01a9e3b3) x7  0xfffffffd
0x00000258 (0xfe838693) x13 0xffffffe5
0x0000025c (0x01f3f693) x13 0x0000001d
0x00000260 (0x0165edb3) x27 0xffffffef
0x00000264 (0x00fdfa33) x20 0xffffffef
0x00000268 (0x414d8733) x14 0x00000000
0x0000026c (0xfdfd8b93) x23 0xffffffce
0x00000270 (0x014de733) x14 0xffffffef
0x00000274 (0x01b70b33) x22 0xffffffde
0x00000278 (0x01a74393) x7  0xfffffff5
0x0000027c (0x02777c13) x24 0x00000027
0x00000280 (0xff470893) x17 0xffffffe3
0x00000284 (0x00c6ecb3) x25 0xffffffff
0x00000288 (0xfdbcc393) x7  0x00000024
0x0000028c (0x40fc88b3) x17 0x00000010
0x00000290 (0xfefc8f93) x31 0xffffffee
0x00000294 (0x01dc8733) x14 0xfffffff4
0x00000298 (0xfe5ceb13) x22 0xffffffff
0x0000029c (0x005e66b3) x13 0x00000017
0x000002a0 (0x00d488b3) x17 0xfffffff0
0x000002a4 (0x009463b3) x7  0xffffffd9
0x000002a8 (0x40760fb3) x31 0x00000026
0x000002ac (0x00766633) x12 0xffffffff
0x000002b0 (0x0128e7b3) x15 0xfffffffa
0x000002b4 (0x00f602b3) x5  0xfffffff9
0x000002b8 (0x00f60cb3) x25 0xfffffff9
0x000002bc (0x00f9e633) x12 0xffffffff
0x000002c0 (0x00adea33) x20 0xffffffef
0x000002c4 (0x014684b3) x9  0x00000006
0x000002c8 (0x41468733) x14 0x00000028
0x000002cc (0x014a84b3) x9  0xffffffef
0x000002d0 (0x014af333) x6  0x00000000
0x000002d4 (0x0082ebb3) x23 0xfffffff9
0x000002d8 (0x017408b3) x17 0xfffffff9
0x000002dc (0x0179ea33) x20 0xfffffffd
0x000002e0 (0x01768533) x10 0x00000010
0x000002e4 (0x0176fa33) x20 0x00000011
0x000002e8 (0x01786b33) x22 0xfffffffd
0x000002ec (0x01a973b3) x7  0x00000008
0x000002f0 (0x0193fd33) x26 0x00000008
0x000002f4 (0x01bafb33) x22 0x00000000
0x000002f8 (0xff7b7a93) x21 0x00000000
0x000002fc (0x014b6db3) x27 0x00000011
0x00000300 (0x01fe7333) x6  0x00000006
0x00000304 (0xfdd37493) x9  0x00000004
0x00000308 (0x00537fb3) x31 0x00000000
0x0000030c (0x00b36733) x14 0xffffffef
0x00000310 (0x01a777b3) x15 0x00000008
0x00000314 (0x01e7f493) x9  0x00000008
0x00000318 (0x41878633) x12 0xffffffe1
0x0000031c (0x01178313) x6  0x00000019
0x00000320 (0x41c78cb3) x25 0xfffffff1
0x00000324 (0x00cc75b3) x11 0x00000021
0x00000328 (0x00058d93) x27 0x00000021
0x0000032c (0x0085e8b3) x17 0x00000021
0x00000330 (0x00858533) x10 0x00000021
0x00000334 (0x00b5f433) x8  0x00000021
0x00000338 (0x00e58eb3) x29 0x00000010
0x0000033c (0x012f79b3) x19 0xffffffd8
0x00000340 (0x0132ee33) x28 0xfffffff9
0x00000344 (0x012ef5b3) x11 0x00000010
0x00000348 (0x00ba6f33) x30 0x00000011
0x0000034c (0x00ba0db3) x27 0x00000021
0x00000350 (0x013f7cb3) x25 0x00000010
0x00000354 (0x0199fe33) x28 0x00000010
0x00000358 (0x019bf633) x12 0x00000010
0x0000035c (0x019965b3) x11 0xffffffda
0x00000360 (0x01f673b3) x7  0x00000000
0x00000364 (0x007a8eb3) x29 0x00000000
0x00000368 (0x0073eeb3) x29 0x00000000
0x0000036c (0x0073fab3) x21 0x00000000
0x00000370 (0x0076f4b3) x9  0x00000000
0x00000374 (0x0066f8b3) x17 0x00000011
0x00000378 (0x01130533) x10 0x0000002a
0x0000037c (0x0119e8b3) x17 0xffffffd9
0x00000380 (0x0119e7b3) x15 0xffffffd9
0x00000384 (0x41198433) x8  0xffffffff
0x00000388 (0x011988b3) x17 0xffffffb1
0x0000038c (0xffc60793) x15 0x0000000c
0x00000390 (0x0157e7b3) x15 0x0000000c
0x00000394 (0xffb58f13) x30 0xffffffd5
0x00000398 (0x002f0793) x15 0xffffffd7
0x0000039c (0x018f66b3) x13 0xfffffff7
0x000003a0 (0x023b8f13) x30 0x0000001c
0x000003a4 (0xff7f4c93) x25 0xffffffeb
0x000003a8 (0xfdef6993) x19 0xffffffde
0x000003ac (0x00cf6d93) x27 0x0000001c
0x000003b0 (0x006f8593) x11 0x00000006
0x000003b4 (0xfec58b93) x23 0xfffffff2
0x000003b8 (0xfdf5ff93) x31 0x00000006
0x000003bc (0xfe55ea93) x21 0xffffffe7
0x000003c0 (0xfdc5e893) x17 0xffffffde
0x000003c4 (0xff228693) x13 0xffffffeb
0x000003c8 (0xff96fb13) x22 0xffffffe9
0x000003cc (0x0196f8b3) x17 0xffffffeb
0x000003d0 (0x0136e4b3) x9  0xffffffff
0x000003d4 (0x01d6e4b3) x9  0xffffffeb
0x000003d8 (0xff36c693) x13 0x00000018
0x000003dc (0xfefb4d13) x26 0x00000006
0x000003e0 (0xfe8d0f93) x31 0xffffffee
0x000003e4 (0x00ce4d93) x27 0x0000001c
0x000003e8 (0x00fdf8b3) x17 0x00000014
0x000003ec (0x005d88b3) x17 0x00000015
0x000003f0 (0xfed6cd93) x27 0xfffffff5
0x000003f4 (0xfe0dce13) x28 0x00000015
0x000003f8 (0x008de633) x12 0xffffffff
0x000003fc (0xffadf813) x16 0xfffffff0
0x00000400 (0xff574293) x5  0x0000001a
0x00000404 (0x41e28bb3) x23 0xfffffffe
0x00000408 (0x0122f3b3) x7  0x0000001a
0x0000040c (0xffc2fb93) x23 0x00000018
0x00000410 (0xffb2f813) x16 0x0000001a
0x00000414 (0xffca4293) x5  0xffffffed
0x00000418 (0x40f28833) x16 0x00000016
0x0000041c (0x00e2e813) x16 0xffffffef
0x00000420 (0x0122e613) x12 0xffffffff
0x00000424 (0x40f28f33) x30 0x00000016
0x00000428 (0xfe72f293) x5  0xffffffe5
0x0000042c (0xff22e793) x15 0xfffffff7
0x00000430 (0x01078433) x8  0xffffffe6
0x00000434 (0x0138eb13) x22 0x00000017
0x00000438 (0x012b0c33) x24 0xfffffff1
0x0000043c (0xfeab0c13) x24 0x00000001
0x00000440 (0xff6a6b93) x23 0xfffffff7
0x00000444 (0x018b8693) x13 0x0000000f
0x00000448 (0x40fb8833) x16 0x00000000
0x0000044c (0x00cb8eb3) x29 0xfffffff6
0x00000450 (0xfdb2e393) x7  0xffffffff
0x00000454 (0x0143cfb3) x31 0xffffffee
0x00000458 (0x00a3c2b3) x5  0xffffffd5
0x0000045c (0x0123c4b3) x9  0x00000025
0x00000460 (0x0153e833) x16 0xffffffff
0x00000464 (0xfff5e993) x19 0xffffffff
0x00000468 (0x41e98b33) x22 0xffffffe9
0x0000046c (0x0089fd13) x26 0x00000008
0x00000470 (0x00d98833) x16 0x0000000e
0x00000474 (0xfe39c493) x9  0x0000001c
0x00000478 (0x0179c3b3) x7  0x00000008
0x0000047c (0xfe857293) x5  0x00000028
0x00000480 (0x0152e7b3) x15 0xffffffef
0x00000484 (0x00537e13) x28 0x00000001
0x00000488 (0x012e4ab3) x21 0xffffffdb
0x0000048c (0x009e0fb3) x31 0x0000001d
0x00000490 (0x02457393) x7  0x00000020
0x00000494 (0x0173c9b3) x19 0xffffffd7
0x00000498 (0xff13ef93) x31 0xfffffff1
0x0000049c (0x0123e413) x8  0x00000032
0x000004a0 (0x01acf813) x16 0x0000000a
0x000004a4 (0x01f848b3) x17 0xfffffffb
0x000004a8 (0x01586db3) x27 0xffffffdb
0x000004ac (0x00886713) x14 0x0000000a
0x000004b0 (0x00b84a13) x20 0x00000001
0x000004b4 (0x01dd7e13) x28 0x00000008
0x000004b8 (0x01fe0e93) x29 0x00000027
0x000004bc (0x011e06b3) x13 0x00000003
0x000004c0 (0x010e4e13) x28 0x00000018
0x000004c4 (0x00be4833) x16 0x0000001e
0x000004c8 (0xfd8e0913) x18 0xfffffff0
0x000004cc (0x00fc0333) x6  0xfffffff0
0x000004d0 (0x41730fb3) x31 0xfffffff9
0x000004d4 (0x00868a33) x20 0x00000035
0x000004d8 (0x020a0593) x11 0x00000055
0x000004dc (0x008a06b3) x13 0x00000067
0x000004e0 (0x010386b3) x13 0x0000003e
0x000004e4 (0x0076eb33) x22 0x0000003e
0x000004e8 (0xff36c493) x9  0xffffffcd
0x000004ec (0x0266eb93) x23 0x0000003e
0x000004f0 (0x01fc8ab3) x21 0xffffffe4
0x000004f4 (0x005acab3) x21 0xffffffcc
0x000004f8 (0x01bac993) x19 0xffffffd7
0x000004fc (0x01eafdb3) x27 0x00000004
0x00000500 (0x40ba8733) x14 0xffffff77
0x00000504 (0x005805b3) x11 0x00000046
0x00000508 (0x0085c633) x12 0x00000074
0x0000050c (0x0095e8b3) x17 0xffffffcf
0x00000510 (0x01a5c4b3) x9  0x0000004e
0x00000514 (0x0205ec13) x24 0x00000066
0x00000518 (0x02258593) x11 0x00000068
0x0000051c (0x019b8eb3) x29 0x00000029
0x00000520 (0x01d9f5b3) x11 0x00000001
0x00000524 (0x01678533) x10 0x0000002d
0x00000528 (0x00a2f4b3) x9  0x00000028
0x0000052c (0x00ae6633) x12 0x0000003d
0x00000530 (0x01fa8b33) x22 0xffffffc5
0x00000534 (0x016ffcb3) x25 0xffffffc1
0x00000538 (0x416f8f33) x30 0x00000034
0x0000053c (0x0169c9b3) x19 0x00000012
0x00000540 (0x01ba0fb3) x31 0x00000039
0x00000544 (0x01fdccb3) x25 0x0000003d
0x00000548 (0x01fd8c33) x24 0x0000003d
0x0000054c (0x01f57ab3) x21 0x00000029
0x00000550 (0x01f86533) x10 0x0000003f
0x00000554 (0x01b78f33) x30 0xfffffff3
0x00000558 (0x01edc833) x16 0xfffffff7
0x0000055c (0x01e3ebb3) x23 0xfffffff3
0x00000560 (0x01ecfeb3) x29 0x00000031
0x00000564 (0x01e54ab3) x21 0xffffffcc
0x00000568 (0x01e948b3) x17 0x00000003
0x0000056c (0x416384b3) x9  0x0000005b
0x00000570 (0xfea4c593) x11 0xffffffb1
0x00000574 (0x413703b3) x7  0xffffff65
0x00000578 (0x01038633) x12 0xffffff5c
0x0000057c (0xfd83cc13) x24 0x000000bd
0x00000580 (0x41780eb3) x29 0x00000004
0x00000584 (0x010e8533) x10 0xfffffffb
0x00000588 (0x010ee433) x8  0xfffffff7
0x0000058c (0x007efcb3) x25 0x00000004
0x00000590 (0x40dc8a33) x20 0xffffffc6
0x00000594 (0x021a6613) x12 0xffffffe7
0x00000598 (0x00ca6933) x18 0xffffffe7
0x0000059c (0x016a0313) x6  0xffffffdc
0x000005a0 (0x412a0833) x16 0xffffffdf
0x000005a4 (0x41750eb3) x29 0x00000008
0x000005a8 (0x416e8533) x10 0x00000043
0x000005ac (0xff1ec313) x6  0xfffffff9
0x000005b0 (0x014e83b3) x7  0xffffffce
0x000005b4 (0x011ecdb3) x27 0x0000000b
0x000005b8 (0xff4ef393) x7  0x00000000
0x000005bc (0x41328ab3) x21 0x00000016
0x000005c0 (0x01598db3) x27 0x00000028
0x000005c4 (0x40698ab3) x21 0x00000019
0x000005c8 (0x01574b33) x22 0xffffff6e
0x000005cc (0x01574f33) x30 0xffffff6e
0x000005d0 (0x40ef0933) x18 0xfffffff7
0x000005d4 (0x0126e533) x10 0xffffffff
0x000005d8 (0x01268933) x18 0x00000035
0x000005dc (0x01240b33) x22 0x0000002c
0x000005e0 (0x41b78bb3) x23 0xffffffc7
0x000005e4 (0x417d8f33) x30 0x00000061
0x000005e8 (0x41740ab3) x21 0x00000030
0x000005ec (0x017f8333) x6  0x00000000
0x000005f0 (0x017e6c33) x24 0xffffffdf
0x000005f4 (0x406f8833) x16 0x00000039
0x000005f8 (0x01074b33) x22 0xffffff4e
0x000005fc (0x01077cb3) x25 0x00000031
0x00000600 (0x01064f33) x30 0xffffffde
0x00000604 (0x0103cb33) x22 0x00000039
0x00000608 (0x01038533) x10 0x00000039
0x0000060c (0x0114c633) x12 0x00000058
0x00000610 (0x00d607b3) x15 0x00000096
0x00000614 (0x01c5cfb3) x31 0xffffffa9
0x00000618 (0xff3fcd13) x26 0x0000005a
0x0000061c (0x00affcb3) x25 0x00000029
0x00000620 (0x009e4a33) x20 0x00000043
0x00000624 (0x01ba0333) x6  0x0000006b
0x00000628 (0x407a07b3) x15 0x00000043
0x0000062c (0x00ea75b3) x11 0x00000043
0x00000630 (0x00fbc433) x8  0xffffff84
0x00000634 (0xfe444d93) x27 0x00000060
0x00000638 (0x00646913) x18 0xffffff86
0x0000063c (0x40b409b3) x19 0xffffff41
0x00000640 (0x01a404b3) x9  0xffffffde
0x00000644 (0x00cacbb3) x23 0x00000068
0x00000648 (0xfe1b8c13) x24 0x00000049
0x0000064c (0x417b88b3) x17 0x00000000
0x00000650 (0x018bc493) x9  0x00000070
0x00000654 (0x00fbcdb3) x27 0x0000002b
0x00000658 (0xff3bed93) x27 0xfffffffb
0x0000065c (0x011c43b3) x7  0x00000049
0x00000660 (0x0075f4b3) x9  0x00000041
0x00000664 (0x017d4fb3) x31 0x00000032
0x00000668 (0x01f3c733) x14 0x0000007b
0x0000066c (0x01fe84b3) x9  0x0000003a
0x00000670 (0x0096c333) x6  0x00000004
0x00000674 (0x0063f533) x10 0x00000000
0x00000678 (0x0063f533) x10 0x00000000
0x0000067c (0x0063ceb3) x29 0x0000004d
0x00000680 (0x0166c8b3) x17 0x00000007
0x00000684 (0x411f09b3) x19 0xffffffd7
0x00000688 (0x0119c2b3) x5  0xffffffd0
0x0000068c (0x0113c433) x8  0x0000004e
0x00000690 (0x011cce33) x28 0x0000002e
0x00000694 (0x01984db3) x27 0x00000010
0x00000698 (0x01bcc933) x18 0x00000039
0x0000069c (0x01bc8533) x10 0x00000039
0x000006a0 (0x01bc0833) x16 0x00000059
0x000006a4 (0x01beccb3) x25 0x0000005d
0x000006a8 (0x41b90eb3) x29 0x00000029
0x000006ac (0x016fe533) x10 0x0000003b
0x000006b0 (0x41450b33) x22 0xfffffff8
0x000006b4 (0x00c4e733) x14 0x0000007a
0x000006b8 (0x40970333) x6  0x00000040
0x000006bc (0x01f76933) x18 0x0000007a
0x000006c0 (0x010d6ab3) x21 0x0000005b
0x000006c4 (0x007af313) x6  0x00000003
0x000006c8 (0x007a8f93) x31 0x00000062
0x000006cc (0xff8a8413) x8  0x00000053
0x000006d0 (0x00b76c33) x24 0x0000007b
0x000006d4 (0x00ac4e33) x28 0x00000040
0x000006d8 (0x417c0733) x14 0x00000013
0x000006dc (0x005c0b33) x22 0x0000004b
0x000006e0 (0x00cc4eb3) x29 0x00000023
0x000006e4 (0x00f9ef33) x30 0xffffffd7
0x000006e8 (0x01bf0293) x5  0xfffffff2
0x000006ec (0x010f7ab3) x21 0x00000051
0x000006f0 (0x40ff0933) x18 0xffffff94
0x000006f4 (0x002f4713) x14 0xffffffd5
0x000006f8 (0x014f44b3) x9  0xffffff94
0x000006fc (0x01466933) x18 0x0000005b
0x00000700 (0x0122cb33) x22 0xffffffa9
0x00000704 (0x00ce6d33) x26 0x00000058
0x00000708 (0x41a607b3) x15 0x00000000
0x0000070c (0x41ae0e33) x28 0xffffffe8
0x00000710 (0x019e6a33) x20 0xfffffffd
0x00000714 (0x014ce5b3) x11 0xfffffffd
0x00000718 (0x014b0a33) x20 0xffffffa6
0x0000071c (0x014b7d33) x26 0xffffffa0
0x00000720 (0x0189e933) x18 0xffffffff
0x00000724 (0x0129c6b3) x13 0x00000028
0x00000728 (0x0123f3b3) x7  0x00000049
0x0000072c (0x412384b3) x9  0x0000004a
0x00000730 (0x0123ffb3) x31 0x00000049
0x00000734 (0x01aee633) x12 0xffffffa3
0x00000738 (0x00c409b3) x19 0xfffffff6
0x0000073c (0x00caedb3) x27 0xfffffff3
0x00000740 (0x00c54d33) x26 0xffffff98
0x00000744 (0x00cd7fb3) x31 0xffffff80
0x00000748 (0x00cd0433) x8  0xffffff3b
0x0000074c (0x012ef7b3) x15 0x00000023
0x00000750 (0x0177e593) x11 0x00000037
0x00000754 (0x0066fab3) x21 0x00000000
0x00000758 (0x01da8f93) x31 0x0000001d
0x0000075c (0x01aaec33) x24 0xffffff98
0x00000760 (0x0182f8b3) x17 0xffffff90
0x00000764 (0x01e8ef33) x30 0xffffffd7
0x00000768 (0x01b8f713) x14 0x00000010
0x0000076c (0xfe188993) x19 0xffffff71
0x00000770 (0x0174fcb3) x25 0x00000048
0x00000774 (0xff2c8513) x10 0x0000003a
0x00000778 (0x017cce33) x28 0x00000020
0x0000077c (0xfefcf313) x6  0x00000048
0x00000780 (0x00dcf4b3) x9  0x00000008
0x00000784 (0x00e97eb3) x29 0x00000010
0x00000788 (0x019ecc33) x24 0x00000058
0x0000078c (0x006eca33) x20 0x00000058
0x00000790 (0x007ef533) x10 0x00000000
0x00000794 (0x00eef433) x8  0x00000010
0x00000798 (0x00bec5b3) x11 0x00000027
0x0000079c (0x0152f333) x6  0x00000000
0x000007a0 (0x006c7f33) x30 0x00000000
0x000007a4 (0x016ef3b3) x7  0x00000000
0x000007a8 (0x007b4633) x12 0xffffffa9
0x000007ac (0x407b8a33) x20 0x00000068
0x000007b0 (0x00bffe33) x28 0x00000005
0x000007b4 (0x01c2ff33) x30 0x00000000
0x000007b8 (0x01ce0333) x6  0x0000000a
0x000007bc (0x01ca0ab3) x21 0x0000006d
0x000007c0 (0x011ffab3) x21 0x00000010
0x000007c4 (0x415485b3) x11 0xfffffff8
0x000007c8 (0x0154ccb3) x25 0x00000018
0x000007cc (0x01564a33) x20 0xffffffb9
0x000007d0 (0x015ef433) x8  0x00000010
0x000007d4 (0x010cf933) x18 0x00000018
0x000007d8 (0x012806b3) x13 0x00000071
0x000007dc (0x01284333) x6  0x00000041
0x000007e0 (0x01286833) x16 0x00000059
0x000007e4 (0x01267e33) x28 0x00000008
0x000007e8 (0x012d02b3) x5  0xffffffb0
0x000007ec (0xff5d8913) x18 0xffffffe8
0x000007f0 (0x412906b3) x13 0x00000000
0x000007f4 (0xfe230893) x17 0x00000023
0x000007f8 (0x0288c713) x14 0x0000000b
0x000007fc (0xfe688a93) x21 0x00000009
0x00000800 (0xfdbe8d93) x27 0xffffffeb
0x00000804 (0x00dd8b33) x22 0xffffffeb
0x00000808 (0x01fdf933) x18 0x00000009
0x0000080c (0x017dc933) x18 0xffffff83
0x00000810 (0x00fc8b93) x23 0x00000027
0x00000814 (0x019bc633) x12 0x0000003f
0x00000818 (0x40ab86b3) x13 0x00000027
0x0000081c (0x019be733) x14 0x0000003f
0x00000820 (0x40bb8eb3) x29 0x0000002f
0x00000824 (0x005a0993) x19 0xffffffbe
0x00000828 (0xfe99c413) x8  0x00000057
0x0000082c (0xffd9ff13) x30 0xffffffbc
0x00000830 (0x00898793) x15 0xffffffc6
0x00000834 (0x0079cd33) x26 0xffffffbe
0x00000838 (0x0169e833) x16 0xffffffff
0x0000083c (0xfde6cd93) x27 0xfffffff9
0x00000840 (0x008dcd93) x27 0xfffffff1
0x00000844 (0x01be4413) x8  0x00000013
0x00000848 (0x00744513) x10 0x00000014
0x0000084c (0x01e47993) x19 0x00000012
0x00000850 (0x027c4513) x10 0x0000007f
0x00000854 (0x00c54613) x12 0x00000073
0x00000858 (0x01b50d33) x26 0x00000070
0x0000085c (0x410506b3) x13 0x00000080
0x00000860 (0x025e4a93) x21 0x0000002d
0x00000864 (0x008acc93) x25 0x00000025
0x00000868 (0x01dacab3) x21 0x00000002
0x0000086c (0xfdcafb13) x22 0x00000000
0x00000870 (0x414a8533) x10 0x00000049
0x00000874 (0x0265c513) x10 0xffffffde
0x00000878 (0x00454d93) x27 0xffffffda
0x0000087c (0x40a50833) x16 0x00000000
0x00000880 (0x02050513) x10 0xfffffffe
0x00000884 (0xfdf57493) x9  0xffffffde
0x00000888 (0xff054413) x8  0x0000000e
0x0000088c (0xfdc66293) x5  0xffffffff
0x00000890 (0x00e2e513) x10 0xffffffff
0x00000894 (0x016eef13) x30 0x0000003f
0x00000898 (0x00bf7eb3) x29 0x00000038
0x0000089c (0x405f0f33) x30 0x00000040
0x000008a0 (0xff7c6393) x7  0xffffffff
0x000008a4 (0x41938ab3) x21 0xffffffda
0x000008a8 (0x40d38e33) x28 0xffffff7f
0x000008ac (0xfff3c913) x18 0x00000000
0x000008b0 (0x00cb6913) x18 0x0000000c
0x000008b4 (0xff990313) x6  0x00000005
0x000008b8 (0x01b96433) x8  0xffffffde
0x000008bc (0xfe790f93) x31 0xfffffff3
0x000008c0 (0xfd890c13) x24 0xffffffe4
0x000008c4 (0xfee86613) x12 0xffffffee
0x000008c8 (0xffe60413) x8  0xffffffec
0x000008cc (0xfe864513) x10 0x00000006
0x000008d0 (0x00567d33) x26 0xffffffee
0x000008d4 (0x00f64f33) x30 0x00000028
0x000008d8 (0x00a60933) x18 0xfffffff4
0x000008dc (0xff34f713) x14 0xffffffd2
0x000008e0 (0x01a74913) x18 0xffffffc8
0x000008e4 (0xff3afd93) x27 0xffffffd2
0x000008e8 (0x40dd82b3) x5  0xffffff52
0x000008ec (0x028dfd93) x27 0x00000000
0x000008f0 (0xfdaff513) x10 0xffffffd2
0x000008f4 (0x01c50ab3) x21 0xffffff51
0x000008f8 (0x40850db3) x27 0xffffffe6
0x000008fc (0x01750713) x14 0xffffffe9
0x00000900 (0xff75f393) x7  0xfffffff0
0x00000904 (0x00d385b3) x11 0x00000070
0x00000908 (0x40a38e33) x28 0x0000001e
0x0000090c (0x00f3fe33) x28 0xffffffc0
0x00000910 (0x0193fcb3) x25 0x00000020
0x00000914 (0x022a7413) x8  0x00000020
0x00000918 (0x01a445b3) x11 0xffffffce
0x0000091c (0x01644e93) x29 0x00000036
0x00000920 (0xfe047b93) x23 0x00000020
0x00000924 (0xfdd40813) x16 0xfffffffd
0x00000928 (0x40c40b33) x22 0x00000032
0x0000092c (0xd4f28013)
0x00000930 (0xf2030013)
0x00000934 (0x2bd38013)
0x00000938 (0xf5c40013)
0x0000093c (0x1ea48013)
0x00000940 (0x30150013)
0x00000944 (0x05f58013)
0x00000948 (0xe6c60013)
0x0000094c (0xceb68013)
0x00000950 (0x23170013)
0x00000954 (0x34178013)
0x00000958 (0x0de80013)
0x0000095c (0xd6788013)
0x00000960 (0x20090013)
0x00000964 (0xead98013)
0x00000968 (0x254a0013)
0x0000096c (0x077a8013)
0x00000970 (0x1e8b0013)
0x00000974 (0xffeb8013)
0x00000978 (0xe14c0013)
0x0000097c (0x1d9c8013)
0x00000980 (0xcc9d0013)
0x00000984 (0x304d8013)
0x00000988 (0x302e0013)
0x0000098c (0x167e8013)
0x00000990 (0xdcdf0013)
0x00000994 (0xd53f8013)
0x00000998 (0x01a38f33) x30 0xffffffde
0x0000099c (0xffaf0f13) x30 0xffffffd8
0x000009a0 (0x01d78a33) x20 0xfffffffc
0x000009a4 (0xfeaa6693) x13 0xfffffffe
0x000009a8 (0xfeea6b93) x23 0xfffffffe
0x000009ac (0x01658d33) x26 0x00000000
0x000009b0 (0x417d0db3) x27 0x00000002
0x000009b4 (0x01bd6f33) x30 0x00000002
0x000009b8 (0x010d0633) x12 0xfffffffd
0x000009bc (0x00fe8c33) x24 0xfffffffc
0x000009c0 (0xfeec4f93) x31 0x00000012
0x000009c4 (0x01fc7793) x15 0x0000001c
0x000009c8 (0x005c0933) x18 0xffffff4e
0x000009cc (0xff4c0a93) x21 0xfffffff0
0x000009d0 (0x00ef0933) x18 0xffffffeb
0x000009d4 (0x01590ab3) x21 0xffffffdb
0x000009d8 (0x00a947b3) x15 0x00000039
0x000009dc (0x01597313) x6  0x00000001
0x000009e0 (0x00f94613) x12 0xffffffe4
0x000009e4 (0xffb94613) x12 0x00000010
0x000009e8 (0x00e589b3) x19 0xffffffb7
0x000009ec (0x01360eb3) x29 0xffffffc7
0x000009f0 (0x01f90eb3) x29 0xfffffffd
0x000009f4 (0x01d50d33) x26 0xffffffcf
0x000009f8 (0x01d563b3) x7  0xffffffff
0x000009fc (0x00f50eb3) x29 0x0000000b
0x00000a00 (0x01dac433) x8  0xffffffd0
0x00000a04 (0x41da8b33) x22 0xffffffd0
0x00000a08 (0x01dafc33) x24 0x0000000b
0x00000a0c (0x01950bb3) x23 0xfffffff2
0x00000a10 (0x017eeab3) x21 0xfffffffb
0x00000a14 (0x017ae533) x10 0xfffffffb
0x00000a18 (0x017a87b3) x15 0xffffffed
0x00000a1c (0x417a8f33) x30 0x00000009
0x00000a20 (0x01e70b33) x22 0xfffffff2
0x00000a24 (0x016cf933) x18 0x00000020
0x00000a28 (0x016ce533) x10 0xfffffff2
0x00000a2c (0x416c88b3) x17 0x0000002e
0x00000a30 (0x016ccc33) x24 0xffffffd2
0x00000a34 (0x016ccd33) x26 0xffffffd2
0x00000a38 (0x410988b3) x17 0xffffffba
0x00000a3c (0xff88c713) x14 0x00000042
0x00000a40 (0x41e68d33) x26 0xfffffff5
0x00000a44 (0x013d4eb3) x29 0x00000042
0x00000a48 (0x010d6e33) x28 0xfffffffd
0x00000a4c (0x416b8d33) x26 0x00000000
0x00000a50 (0x01cd7393) x7  0x00000000
0x00000a54 (0x406d0f33) x30 0xffffffff
0x00000a58 (0x011d0633) x12 0xffffffba
0x00000a5c (0x41de07b3) x15 0xffffffbb
0x00000a60 (0x01778713) x14 0xffffffd2
0x00000a64 (0xffc78693) x13 0xffffffb7
0x00000a68 (0xff07ea93) x21 0xfffffffb
0x00000a6c (0x40d78533) x10 0x00000004
0x00000a70 (0x405b0633) x12 0x000000a0
0x00000a74 (0x00860833) x16 0x00000070
0x00000a78 (0x41660eb3) x29 0x000000ae
0x00000a7c (0x01267a33) x20 0x00000020
0x00000a80 (0x00e64793) x15 0x000000ae
0x00000a84 (0x41460c33) x24 0x00000080
0x00000a88 (0x40828533) x10 0xffffff82
0x00000a8c (0x00a446b3) x13 0x00000052
0x00000a90 (0x40bd8cb3) x25 0x00000034
0x00000a94 (0x019585b3) x11 0x00000002
0x00000a98 (0x019b78b3) x17 0x00000030
0x00000a9c (0x414f8733) x14 0xfffffff2
0x00000aa0 (0x00e70433) x8  0xffffffe4
0x00000aa4 (0x00e765b3) x11 0xfffffff2
0x00000aa8 (0x40e706b3) x13 0x00000000
0x00000aac (0x40b38833) x16 0x0000000e
0x00000ab0 (0x010ce6b3) x13 0x0000003e
0x00000ab4 (0x010ccf33) x30 0x0000003a
0x00000ab8 (0x010cc6b3) x13 0x0000003a
0x00000abc (0x010ce2b3) x5  0x0000003e
0x00000ac0 (0x406a0fb3) x31 0x0000001f
0x00000ac4 (0x41fc85b3) x11 0x00000015
0x00000ac8 (0x01f8efb3) x31 0x0000003f
0x00000acc (0x01f889b3) x19 0x0000006f
0x00000ad0 (0x01facfb3) x31 0xffffffc4
0x00000ad4 (0x01fa86b3) x13 0xffffffbf
0x00000ad8 (0x00954db3) x27 0x0000005c
0x00000adc (0x018de313) x6  0x0000005c
0x00000ae0 (0x005946b3) x13 0x0000001e
0x00000ae4 (0xfe06c613) x12 0xfffffffe
0x00000ae8 (0x0286fa13) x20 0x00000008
0x00000aec (0x00734bb3) x23 0x0000005c
0x00000af0 (0x40bb8e33) x28 0x00000047
0x00000af4 (0x409b8c33) x24 0x0000007e
0x00000af8 (0x017beb93) x23 0x0000005f
0x00000afc (0x01134733) x14 0x0000006c
0x00000b00 (0x00570a33) x20 0x000000aa
0x00000b04 (0x009708b3) x17 0x0000004a
0x00000b08 (0x01174b33) x22 0x00000026
0x00000b0c (0x01d76b33) x22 0x000000ee
0x00000b10 (0x005a4e33) x28 0x00000094
0x00000b14 (0xfdce0893) x17 0x00000070
0x00000b18 (0xfefe6413) x8  0xffffffff
0x00000b1c (0x007e0513) x10 0x0000009b
0x00000b20 (0xfede7993) x19 0x00000084
0x00000b24 (0x019e6d13) x26 0x0000009d
0x00000b28 (0x0122c3b3) x7  0x0000001e
0x00000b2c (0x40790b33) x22 0x00000002
0x00000b30 (0x00aa4bb3) x23 0x00000031
0x00000b34 (0x017f49b3) x19 0x0000000b
0x00000b38 (0x0179c4b3) x9  0x0000003a
0x00000b3c (0x01dbc433) x8  0x0000009f
0x00000b40 (0x008efa33) x20 0x0000008e
0x00000b44 (0x0089efb3) x31 0x0000009f
0x00000b48 (0x00898933) x18 0x000000aa
0x00000b4c (0x005dc733) x14 0x00000062
0x00000b50 (0x00ee7933) x18 0x00000000
0x00000b54 (0x00e683b3) x7  0x00000080
0x00000b58 (0x00e87733) x14 0x00000002
0x00000b5c (0x00e7e3b3) x7  0x000000ae
0x00000b60 (0x009ac433) x8  0xffffffc1
0x00000b64 (0x008483b3) x7  0xfffffffb
0x00000b68 (0x0084fa33) x20 0x00000000
0x00000b6c (0x0084ecb3) x25 0xfffffffb
0x00000b70 (0x408484b3) x9  0x00000079
0x00000b74 (0x00848533) x10 0x0000003a
0x00000b78 (0x00f6e633) x12 0x000000be
0x00000b7c (0x00f64593) x11 0x000000b1
0x00000b80 (0x01a76db3) x27 0x0000009f
0x00000b84 (0x005dcb33) x22 0x000000a1
0x00000b88 (0x016d8bb3) x23 0x00000140
0x00000b8c (0x01a2eeb3) x29 0x000000bf
0x00000b90 (0x00eec593) x11 0x000000b1
0x00000b94 (0xffbec993) x19 0xffffff44
0x00000b98 (0x026e8513) x10 0x000000e5
0x00000b9c (0x00646cb3) x25 0xffffffdd
0x00000ba0 (0x019cf633) x12 0xffffffdd
0x00000ba4 (0x010cf8b3) x17 0x0000000c
0x00000ba8 (0xff6cfb93) x23 0xffffffd4
0x00000bac (0x00ecc993) x19 0xffffffd3
0x00000bb0 (0x00646bb3) x23 0xffffffdd
0x00000bb4 (0x015b8c13) x24 0xfffffff2
0x00000bb8 (0x00fb8d93) x27 0xffffffec
0x00000bbc (0x013bc6b3) x13 0x0000000e
0x00000bc0 (0x00ebcc33) x24 0xffffffdf
0x00000bc4 (0x00cbf733) x14 0xffffffdd
0x00000bc8 (0x01bbe8b3) x17 0xfffffffd
0x00000bcc (0x01176733) x14 0xfffffffd
0x00000bd0 (0x00b96a33) x20 0x000000b1
0x00000bd4 (0x0145eab3) x21 0x000000b1
0x00000bd8 (0x0145fa33) x20 0x000000b1
0x00000bdc (0x01ca6833) x16 0x000000b5
0x00000be0 (0x010e0db3) x27 0x00000149
0x00000be4 (0x01074e33) x28 0xffffff48
0x00000be8 (0x01070bb3) x23 0x000000b2
0x00000bec (0x01696f33) x30 0x000000a1
0x00000bf0 (0x41ef86b3) x13 0xfffffffe
0x00000bf4 (0x01e90d33) x26 0x000000a1
0x00000bf8 (0x41ee85b3) x11 0x0000001e
0x00000bfc (0x01eb45b3) x11 0x00000000
0x00000c00 (0x01246f33) x30 0xffffffc1
0x00000c04 (0x01e94733) x14 0xffffffc1
0x00000c08 (0x41e38533) x10 0x0000003a
0x00000c0c (0x01ea74b3) x9  0x00000081
0x00000c10 (0x41e30eb3) x29 0x0000009b
0x00000c14 (0x41e30eb3) x29 0x0000009b
0x00000c18 (0x00cff433) x8  0x0000009d
0x00000c1c (0x01a44e33) x28 0x0000003c
0x00000c20 (0x008c7e33) x28 0x0000009d
0x00000c24 (0x013e7e33) x28 0x00000091
0x00000c28 (0x026e7693) x13 0x00000000
0x00000c2c (0x019e7933) x18 0x00000091
0x00000c30 (0x01390933) x18 0x00000064
0x00000c34 (0x01390cb3) x25 0x00000037
0x00000c38 (0x010907b3) x15 0x00000119
0x00000c3c (0x01a4f6b3) x13 0x00000081
0x00000c40 (0x0186cab3) x21 0xffffff5e
0x00000c44 (0xfdf68a93) x21 0x00000060
0x00000c48 (0xffd6e793) x15 0xfffffffd
0x00000c4c (0x01d6c833) x16 0x0000001a
0x00000c50 (0x011cffb3) x31 0x00000035
0x00000c54 (0x01bf84b3) x9  0x0000017e
0x00000c58 (0x018ff513) x10 0x00000010
0x00000c5c (0x00fff713) x14 0x00000005
0x00000c60 (0x00efefb3) x31 0x00000035
0x00000c64 (0x022fea13) x20 0x00000037
0x00000c68 (0x01bb7cb3) x25 0x00000001
0x00000c6c (0x019d0833) x16 0x000000a2
0x00000c70 (0x01197c33) x24 0x00000064
0x00000c74 (0x0188ecb3) x25 0xfffffffd
0x00000c78 (0x018a68b3) x17 0x00000077
0x00000c7c (0x00767f33) x30 0xffffffd9
0x00000c80 (0x01e50fb3) x31 0xffffffe9
0x00000c84 (0x41e90b33) x22 0x0000008b
0x00000c88 (0x01e96633) x12 0xfffffffd
0x00000c8c (0x00cdfbb3) x23 0x00000149
0x00000c90 (0x017a8cb3) x25 0x000001a9
0x00000c94 (0x01790733) x14 0x000001ad
0x00000c98 (0x017d8533) x10 0x00000292
0x00000c9c (0x417d88b3) x17 0x00000000
0x00000ca0 (0x01abfc33) x24 0x00000001
0x00000ca4 (0x018d66b3) x13 0x000000a1
0x00000ca8 (0x018d6333) x6  0x000000a1
0x00000cac (0x018d76b3) x13 0x00000001
0x00000cb0 (0x018ae4b3) x9  0x00000061
0x00000cb4 (0x018af2b3) x5  0x00000000
0x00000cb8 (0xfefd8513) x10 0x00000138
0x00000cbc (0x00656533) x10 0x000001b9
0x00000cc0 (0x00740793) x15 0x000000a4
0x00000cc4 (0x0117f493) x9  0x00000000
0x00000cc8 (0xfe078a93) x21 0x00000084
0x00000ccc (0xff588293) x5  0xfffffff5
0x00000cd0 (0x00928f13) x30 0xfffffffe
0x00000cd4 (0xfe42fe93) x29 0xffffffe4
0x00000cd8 (0x01828793) x15 0x0000000d
0x00000cdc (0x018c0813) x16 0x00000019
0x00000ce0 (0x00f86e93) x29 0x0000001f
0x00000ce4 (0x01780db3) x27 0x00000162
0x00000ce8 (0xfee80b13) x22 0x00000007
0x00000cec (0x007868b3) x17 0xfffffffb
0x00000cf0 (0xfe1f0b93) x23 0xffffffdf
0x00000cf4 (0x007b8733) x14 0xffffffda
0x00000cf8 (0x01dbe933) x18 0xffffffdf
0x00000cfc (0x405b89b3) x19 0xffffffea
0x00000d00 (0x40bb8533) x10 0xffffffdf
0x00000d04 (0x018bcb33) x22 0xffffffde
0x00000d08 (0x023b4893) x17 0xfffffffd
0x00000d0c (0x02288d93) x27 0x0000001f
0x00000d10 (0xfe574493) x9  0x0000003f
0x00000d14 (0xfde4e513) x10 0xffffffff
0x00000d18 (0xfe74ed13) x26 0xffffffff
0x00000d1c (0xfe97c493) x9  0xffffffe4
0x00000d20 (0x40a48fb3) x31 0xffffffe5
0x00000d24 (0x01a4cf33) x30 0x0000001b
0x00000d28 (0x0154e493) x9  0xfffffff5
0x00000d2c (0xff964b13) x22 0x00000004
0x00000d30 (0x007b6db3) x27 0xffffffff
0x00000d34 (0xfe5b7d93) x27 0x00000004
0x00000d38 (0x00eb4533) x10 0xffffffde
0x00000d3c (0x414b05b3) x11 0xffffffcd
0x00000d40 (0xfef5c513) x10 0x00000022
0x00000d44 (0xffc57793) x15 0x00000020
0x00000d48 (0x00650633) x12 0x000000c3
0x00000d4c (0x01650733) x14 0x00000026
0x00000d50 (0x01757c13) x24 0x00000002
0x00000d54 (0x01454293) x5  0x00000036
0x00000d58 (0xfe1b6c93) x25 0xffffffe5
0x00000d5c (0x00ecf7b3) x15 0x00000024
0x00000d60 (0xff3bec13) x24 0xffffffff
0x00000d64 (0x00ac04b3) x9  0x00000021
0x00000d68 (0xff9c6d13) x26 0xffffffff
0x00000d6c (0x004ee813) x16 0x0000001f
0x00000d70 (0xff784513) x10 0xffffffe8
0x00000d74 (0x00886db3) x27 0x0000009f
0x00000d78 (0x01784a33) x20 0xffffffc0
0x00000d7c (0xffda6a93) x21 0xfffffffd
0x00000d80 (0x008af8b3) x17 0x0000009d
0x00000d84 (0x012aea93) x21 0xffffffff
0x00000d88 (0xfe2af593) x11 0xffffffe2
0x00000d8c (0x018a8b13) x22 0x00000017
0x00000d90 (0xff266713) x14 0xfffffff3
0x00000d94 (0x41570433) x8  0xfffffff4
0x00000d98 (0x01476ab3) x21 0xfffffff3
0x00000d9c (0x006744b3) x9  0xffffff52
0x00000da0 (0x01e74293) x5  0xffffffed
0x00000da4 (0x01a70b33) x22 0xfffffff2
0x00000da8 (0x00197593) x11 0x00000001
0x00000dac (0x0095cd13) x26 0x00000008
0x00000db0 (0x0263f993) x19 0x00000022
0x00000db4 (0x0029ff93) x31 0x00000002
0x00000db8 (0x00b9fd33) x26 0x00000000
0x00000dbc (0xffb5f413) x8  0x00000001
0x00000dc0 (0xff346b93) x23 0xfffffff3
0x00000dc4 (0x00647fb3) x31 0x00000001
0x00000dc8 (0x00a40f33) x30 0xffffffe9
0x00000dcc (0x001bf313) x6  0x00000001
0x00000dd0 (0xfe537b93) x23 0x00000001
0x00000dd4 (0x01f36f33) x30 0x00000001
0x00000dd8 (0x01030cb3) x25 0x00000020
0x00000ddc (0x01d37613) x12 0x00000001
0x00000de0 (0x025e7693) x13 0x00000001
0x00000de4 (0x0156cc33) x24 0xfffffff2
0x00000de8 (0xfdf6cb93) x23 0xffffffde
0x00000dec (0x0266ca13) x20 0x00000027
0x00000df0 (0x0096f2b3) x5  0x00000000
0x00000df4 (0x40868c33) x24 0x00000000
0x00000df8 (0x018d89b3) x19 0x0000009f
0x00000dfc (0x00c9fd13) x26 0x0000000c
0x00000e00 (0x01c30b33) x22 0x00000092
0x00000e04 (0x01fb4533) x10 0x00000093
0x00000e08 (0x019b7433) x8  0x00000000
0x00000e0c (0x01d48c33) x24 0xffffff71
0x00000e10 (0x00ec7913) x18 0x00000000
0x00000e14 (0xfeac0813) x16 0xffffff5b
0x00000e18 (0x00ac0ab3) x21 0x00000004
0x00000e1c (0x00640933) x18 0x00000001
0x00000e20 (0xff196993) x19 0xfffffff1
0x00000e24 (0x00b96d33) x26 0x00000001
0x00000e28 (0x01c97933) x18 0x00000001
0x00000e2c (0xff497313) x6  0x00000000
0x00000e30 (0x01dd0633) x12 0x00000020
0x00000e34 (0xffc64893) x17 0xffffffdc
0x00000e38 (0x01260813) x16 0x00000032
0x00000e3c (0x40a60d33) x26 0xffffff8d
0x00000e40 (0x01464db3) x27 0x00000007
0x00000e44 (0x41260833) x16 0x0000001f
0x00000e48 (0x006d0633) x12 0xffffff8d
0x00000e4c (0x40cf0533) x10 0x00000074
0x00000e50 (0x01978c33) x24 0x00000044
0x00000e54 (0x018cf7b3) x15 0x00000000
0x00000e58 (0x418a8bb3) x23 0xffffffc0
0x00000e5c (0x00870bb3) x23 0xfffffff3
0x00000e60 (0x01747733) x14 0x00000000
0x00000e64 (0x01740ab3) x21 0xfffffff3
0x00000e68 (0x017478b3) x17 0x00000000
0x00000e6c (0x00740f33) x30 0xfffffffb
0x00000e70 (0x01e44333) x6  0xfffffffb
0x00000e74 (0x01e46633) x12 0xfffffffb
0x00000e78 (0x41e40733) x14 0x00000005
0x00000e7c (0x01e74c33) x24 0xfffffffe
0x00000e80 (0x00ed8b33) x22 0x0000000c
0x00000e84 (0x01676bb3) x23 0x0000000d
0x00000e88 (0x016774b3) x9  0x00000004
0x00000e8c (0x416706b3) x13 0xfffffff9
0x00000e90 (0x416703b3) x7  0xfffffff9
0x00000e94 (0x416685b3) x11 0xffffffed
0x00000e98 (0x41568a33) x20 0x00000006
0x00000e9c (0x00ea46b3) x13 0x00000003
0x00000ea0 (0x419885b3) x11 0xffffffe0
0x00000ea4 (0xfde5ea93) x21 0xfffffffe
0x00000ea8 (0x417584b3) x9  0xffffffd3
0x00000eac (0x41d509b3) x19 0x00000055
0x00000eb0 (0x0189e533) x10 0xffffffff
0x00000eb4 (0x0119e533) x10 0x00000055
0x00000eb8 (0x02698f13) x30 0x0000007b
0x00000ebc (0x41988533) x10 0xffffffe0
0x00000ec0 (0x01e57433) x8  0x00000060
0x00000ec4 (0x007543b3) x7  0x00000019
0x00000ec8 (0x01257bb3) x23 0x00000000
0x00000ecc (0xfe956b13) x22 0xffffffe9
0x00000ed0 (0x419e0a33) x20 0x00000071
0x00000ed4 (0x027a6893) x17 0x00000077
0x00000ed8 (0x006a0d33) x26 0x0000006c
0x00000edc (0x007a7f33) x30 0x00000011
0x00000ee0 (0xfe6a0a13) x20 0x00000057
0x00000ee4 (0x005a4993) x19 0x00000052
0x00000ee8 (0x41ed0b33) x22 0x0000005b
0x00000eec (0x01648533) x10 0x0000002e
0x00000ef0 (0x416287b3) x15 0xffffffa5
0x00000ef4 (0x40fb0933) x18 0x000000b6
0x00000ef8 (0x00fb08b3) x17 0x00000000
0x00000efc (0x41c98ab3) x21 0xffffffc1
0x00000f00 (0x015e4bb3) x23 0xffffff50
0x00000f04 (0x015e4733) x14 0xffffff50
0x00000f08 (0x01598a33) x20 0x00000013
0x00000f0c (0x41060cb3) x25 0xffffffdc
0x00000f10 (0x419f8cb3) x25 0x00000025
0x00000f14 (0x01988eb3) x29 0x00000025
0x00000f18 (0x419885b3) x11 0xffffffdb
0x00000f1c (0x019602b3) x5  0x00000020
0x00000f20 (0x411b0d33) x26 0x0000005b
0x00000f24 (0x01ae79b3) x19 0x00000011
0x00000f28 (0x41a28433) x8  0xffffffc5
0x00000f2c (0x41a98eb3) x29 0xffffffb6
0x00000f30 (0x01a6fa33) x20 0x00000003
0x00000f34 (0x01abe3b3) x7  0xffffff5b
0x00000f38 (0x006acd33) x26 0x0000003a
0x00000f3c (0x010d4513) x10 0x0000002a
0x00000f40 (0x007c4d33) x26 0x000000a5
0x00000f44 (0x013d6933) x18 0x000000b5
0x00000f48 (0x005d4a33) x20 0x00000085
0x00000f4c (0x01074fb3) x31 0xffffff4f
0x00000f50 (0x01ef8933) x18 0xffffff60
0x00000f54 (0x008fea13) x20 0xffffff4f
0x00000f58 (0x018fec33) x24 0xffffffff
0x00000f5c (0x007ac4b3) x9  0x0000009a
0x00000f60 (0x0144c633) x12 0xffffffd5
0x00000f64 (0x00f4e993) x19 0x0000009f
0x00000f68 (0x0054c333) x6  0x000000ba
0x00000f6c (0x00b48833) x16 0x00000075
0x00000f70 (0x011c44b3) x9  0xffffffff
0x00000f74 (0x0114ce33) x28 0xffffffff
0x00000f78 (0x0104e833) x16 0xffffffff
0x00000f7c (0x407485b3) x11 0x000000a4
0x00000f80 (0x00e48db3) x27 0xffffff4f
0x00000f84 (0xffa48493) x9  0xfffffff9
0x00000f88 (0x00abcb33) x22 0xffffff7a
0x00000f8c (0x01650eb3) x29 0xffffffa4
0x00000f90 (0x00dec9b3) x19 0xffffffa7
0x00000f94 (0x0136e933) x18 0xffffffa7
0x00000f98 (0x0136c733) x14 0xffffffa4
0x00000f9c (0x012a4533) x10 0x000000e8
0x00000fa0 (0x00a4e533) x10 0xfffffff9
0x00000fa4 (0x40a48f33) x30 0x00000000
0x00000fa8 (0x00a483b3) x7  0xfffffff2
0x00000fac (0x01cf4b33) x22 0xffffffff
0x00000fb0 (0x01660ab3) x21 0xffffffd4
0x00000fb4 (0x016f8533) x10 0xffffff4e
0x00000fb8 (0x016fc933) x18 0x000000b0
0x00000fbc (0x0163e2b3) x5  0xffffffff
0x00000fc0 (0x00e3c333) x6  0x00000056
0x00000fc4 (0x006f8b33) x22 0xffffffa5
0x00000fc8 (0x406f8c33) x24 0xfffffef9
0x00000fcc (0x00687933) x18 0x00000056
0x00000fd0 (0x0068c5b3) x11 0x00000056
0x00000fd4 (0x0068cbb3) x23 0x00000056
0x00000fd8 (0x018565b3) x11 0xffffffff
0x00000fdc (0x01b5f993) x19 0x0000001b
0x00000fe0 (0x0072ec33) x24 0xffffffff
0x00000fe4 (0x013c6913) x18 0xffffffff
0x00000fe8 (0x00cc0a13) x20 0x0000000b
0x00000fec (0x010d6733) x14 0xffffffff
0x00000ff0 (0x01676613) x12 0xffffffff
0x00000ff4 (0x01a74633) x12 0xffffff5a
0x00000ff8 (0xff774493) x9  0x00000008
0x00000ffc (0x01686533) x10 0xffffffff
0x00001000 (0x01e50d33) x26 0xffffffff
0x00001004 (0x01a56bb3) x23 0xffffffff
0x00001008 (0x01b57333) x6  0xffffff4f
0x0000100c (0x011546b3) x13 0xffffffff
0x00001010 (0x00886933) x18 0xffffffff
0x00001014 (0x01996433) x8  0xffffffff
0x00001018 (0x02594a93) x21 0xffffffda
0x0000101c (0xfe596f93) x31 0xffffffff
0x00001020 (0x00f97533) x10 0xffffffa5
0x00001024 (0x02596c93) x25 0xffffffff
0x00001028 (0x00acea33) x20 0xffffffff
0x0000102c (0x41478ab3) x21 0xffffffa6
0x00001030 (0x01ed68b3) x17 0xffffffff
0x00001034 (0x011f69b3) x19 0xffffffff
0x00001038 (0x011a0cb3) x25 0xfffffffe
0x0000103c (0x014fe733) x14 0xffffffff
0x00001040 (0x00ef06b3) x13 0xffffffff
0x00001044 (0x00ef6e33) x28 0xffffffff
0x00001048 (0x00ed42b3) x5  0x00000000
0x0000104c (0x0053e8b3) x17 0xfffffff2
0x00001050 (0x41128733) x14 0x0000000e
0x00001054 (0x0112c633) x12 0xfffffff2
0x00001058 (0x011a0633) x12 0xfffffff1
0x0000105c (0x01134733) x14 0x000000bd
0x00001060 (0x015365b3) x11 0xffffffef
0x00001064 (0x00bb8a33) x20 0xffffffee
0x00001068 (0x00bd82b3) x5  0xffffff3e
0x0000106c (0x40be05b3) x11 0x00000010
0x00001070 (0x00ba8f33) x30 0xffffffb6
0x00001074 (0x00bac8b3) x17 0xffffffb6
0x00001078 (0x01c5fdb3) x27 0x00000010
0x0000107c (0x40fd8bb3) x23 0x0000006b
0x00001080 (0x01997ab3) x21 0xfffffffe
0x00001084 (0x01bae833) x16 0xfffffffe
0x00001088 (0x00baef93) x31 0xffffffff
0x0000108c (0x00ccfbb3) x23 0xfffffff0
0x00001090 (0xff2bfb13) x22 0xfffffff0
0x00001094 (0xfe6be493) x9  0xfffffff6
0x00001098 (0xff0bcf13) x30 0x00000000
0x0000109c (0x013572b3) x5  0xffffffa5
0x000010a0 (0x01a2f6b3) x13 0xffffffa5
0x000010a4 (0xfe728c93) x25 0xffffff8c
0x000010a8 (0x0062e333) x6  0xffffffef
0x000010ac (0x0242ed13) x26 0xffffffa5
0x000010b0 (0x01c8f633) x12 0xffffffb6
0x000010b4 (0x01160833) x16 0xffffff6c
0x000010b8 (0x02866f13) x30 0xffffffbe
0x000010bc (0x00360693) x13 0xffffffb9
0x000010c0 (0x011668b3) x17 0xffffffb6
0x000010c4 (0x01460533) x10 0xffffffa4
0x000010c8 (0x01f6f3b3) x7  0xffffffb9
0x000010cc (0x007ff933) x18 0xffffffb9
0x000010d0 (0x0173f2b3) x5  0xffffffb0
0x000010d4 (0x0056edb3) x27 0xffffffb9
0x000010d8 (0x405688b3) x17 0x00000009
0x000010dc (0x01847a33) x20 0xffffffff
0x000010e0 (0x014bfa33) x20 0xfffffff0
0x000010e4 (0x01467a33) x20 0xffffffb0
0x000010e8 (0x01467cb3) x25 0xffffffb0
0x000010ec (0x011df533) x10 0x00000009
0x000010f0 (0x00a8c633) x12 0x00000000
0x000010f4 (0x00af0ab3) x21 0xffffffc7
0x000010f8 (0x00ab78b3) x17 0x00000000
0x000010fc (0x00ab46b3) x13 0xfffffff9
0x00001100 (0x01fa7d33) x26 0xffffffb0
0x00001104 (0x41ad04b3) x9  0x00000000
0x00001108 (0x01aeef33) x30 0xffffffb4
0x0000110c (0x01aef7b3) x15 0xffffffa0
0x00001110 (0x01a4f333) x6  0x00000000
0x00001114 (0x01a36933) x18 0xffffffb0
0x00001118 (0xfd990a13) x20 0xffffff89
0x0000111c (0x017a74b3) x9  0xffffff80
0x00001120 (0x01cb8a13) x20 0x0000000c
0x00001124 (0x000a6e93) x29 0x0000000c
0x00001128 (0xff7a7413) x8  0x00000004
0x0000112c (0xfedc0713) x14 0xffffffec
0x00001130 (0x02270593) x11 0x0000000e
0x00001134 (0x01b763b3) x7  0xfffffffd
0x00001138 (0xfe876d13) x26 0xffffffec
0x0000113c (0x00958d93) x27 0x00000017
0x00001140 (0xfe3dc813) x16 0xfffffff4
0x00001144 (0xff4df813) x16 0x00000014
0x00001148 (0x027de713) x14 0x00000037
0x0000114c (0x013d8eb3) x29 0x00000016
0x00001150 (0x02270993) x19 0x00000059
0x00001154 (0x0059f6b3) x13 0x00000010
0x00001158 (0x41398f33) x30 0x00000000
0x0000115c (0x01998333) x6  0x00000009
0x00001160 (0x0159e633) x12 0xffffffdf
0x00001164 (0x00e9e693) x13 0x0000005f
0x00001168 (0xff58cc13) x24 0xfffffff5
0x0000116c (0xfe0c6313) x6  0xfffffff5
0x00001170 (0x00054693) x13 0x00000009
0x00001174 (0x416687b3) x15 0x00000019
0x00001178 (0x00c6efb3) x31 0xffffffdf
0x0000117c (0x00dbc813) x16 0xfffffffd
0x00001180 (0x00980b33) x22 0xffffff7d
0x00001184 (0x00280e93) x29 0xffffffff
0x00001188 (0x02487c13) x24 0x00000024
0x0000118c (0x00d94f93) x31 0xffffffbd
0x00001190 (0x014f8c33) x24 0xffffffc9
0x00001194 (0x000fcf13) x30 0xffffffbd
0x00001198 (0x408f8ab3) x21 0xffffffb9
0x0000119c (0x007ff2b3) x5  0xffffffbd
0x000011a0 (0xff5a4d13) x26 0xfffffff9
0x000011a4 (0xff5d4393) x7  0x0000000c
0x000011a8 (0x00dd78b3) x17 0x00000009
0x000011ac (0xff8d7593) x11 0xfffffff8
0x000011b0 (0x40ed0b33) x22 0xffffffc2
0x000011b4 (0x00cd7893) x17 0x00000008
0x000011b8 (0x001b6f13) x30 0xffffffc3
0x000011bc (0x019f65b3) x11 0xfffffff3
0x000011c0 (0x02196d93) x27 0xffffffb1
0x000011c4 (0x013dff33) x30 0x00000011
0x000011c8 (0xfe6dfd13) x26 0xffffffa0
0x000011cc (0xfe8e6913) x18 0xffffffff
0x000011d0 (0x01790393) x7  0x00000016
0x000011d4 (0xfea94d13) x26 0x00000015
0x000011d8 (0xfdb90413) x8  0xffffffda
0x000011dc (0xfdb66a13) x20 0xffffffdf
0x000011e0 (0x013a4b33) x22 0xffffff86
0x000011e4 (0x01aa4533) x10 0xffffffca
0x000011e8 (0x025a4993) x19 0xfffffffa
0x000011ec (0x00fa7a13) x20 0x0000000f
0x000011f0 (0xfe95ec93) x25 0xfffffffb
0x000011f4 (0x01dc8593) x11 0x00000018
0x000011f8 (0x01bcc8b3) x17 0x0000004a
0x000011fc (0x016cf533) x10 0xffffff82
0x00001200 (0x00ace733) x14 0xfffffffb
0x00001204 (0x00acec13) x24 0xfffffffb
0x00001208 (0x005c7a93) x21 0x00000001
0x0000120c (0xfe4ac593) x11 0xffffffe5
0x00001210 (0x011ff393) x7  0x00000011
0x00001214 (0x41a38fb3) x31 0xfffffffc
0x00001218 (0x01b38933) x18 0xffffffc2
0x0000121c (0xfff7fc93) x25 0x00000019
0x00001220 (0x016ce2b3) x5  0xffffff9f
0x00001224 (0x01bc8933) x18 0xffffffca
0x00001228 (0x021ce913) x18 0x00000039
0x0000122c (0x003fff13) x30 0x00000000
0x00001230 (0x406f0833) x16 0x0000000b
0x00001234 (0x41df0433) x8  0x00000001
0x00001238 (0xfdff4713) x14 0xffffffdf
0x0000123c (0xfe9f0513) x10 0xffffffe9
0x00001240 (0xfef47693) x13 0x00000001
0x00001244 (0x00c6ee33) x28 0xffffffdf
0x00001248 (0x01a6fcb3) x25 0x00000001
0x0000124c (0x0136ea13) x20 0x00000013
0x00001250 (0x01b6efb3) x31 0xffffffb1
0x00001254 (0xfe56fb13) x22 0x00000001
0x00001258 (0x3ce28013)
0x0000125c (0x39230013)
0x00001260 (0x0c838013)
0x00001264 (0x04d40013)
0x00001268 (0x06b48013)
0x0000126c (0xe7e50013)
0x00001270 (0xe1558013)
0x00001274 (0xfd960013)
0x00001278 (0x27c68013)
0x0000127c (0x01d70013)
0x00001280 (0x02f78013)
0x00001284 (0xcff80013)
0x00001288 (0x19288013)
0x0000128c (0x00390013)
0x00001290 (0x3a798013)
0x00001294 (0x261a0013)
0x00001298 (0xdc7a8013)
0x0000129c (0xd45b0013)
0x000012a0 (0x2cbb8013)
0x000012a4 (0x093c0013)
0x000012a8 (0x381c8013)
0x000012ac (0x38cd0013)
0x000012b0 (0xdfad8013)
0x000012b4 (0xc96e0013)
0x000012b8 (0x1e7e8013)
0x000012bc (0x3c3f0013)
0x000012c0 (0x15bf8013)
0x000012c4 (0x00ad07b3) x15 0xfffffffe
0x000012c8 (0x0117f5b3) x11 0x0000004a
0x000012cc (0x019487b3) x15 0xffffff81
0x000012d0 (0xfe57ec13) x24 0xffffffe5
0x000012d4 (0x0187fbb3) x23 0xffffff81
0x000012d8 (0x006389b3) x19 0x00000006
0x000012dc (0x01f9cb33) x22 0xffffffb7
0x000012e0 (0x01d98493) x9  0x00000023
0x000012e4 (0x406983b3) x7  0x00000011
0x000012e8 (0x016c8a33) x20 0xffffffb8
0x000012ec (0xff0a4293) x5  0x00000048
0x000012f0 (0x01ba6733) x14 0xffffffb9
0x000012f4 (0x01da0a13) x20 0xffffffd5
0x000012f8 (0x01ea4a13) x20 0xffffffcb
0x000012fc (0x01f783b3) x7  0xffffff32
0x00001300 (0xff53e393) x7  0xfffffff7
0x00001304 (0x417385b3) x11 0x00000076
0x00001308 (0x41e38c33) x24 0xfffffff7
0x0000130c (0xff23c393) x7  0x00000005
0x00001310 (0x01d3f713) x14 0x00000005
0x00001314 (0x017906b3) x13 0xffffffba
0x00001318 (0x00db8f33) x30 0xffffff3b
0x0000131c (0x01c58db3) x27 0x00000055
0x00001320 (0x01b77833) x16 0x00000005
0x00001324 (0x01b30fb3) x31 0x0000004a
0x00001328 (0x01ec86b3) x13 0xffffff3c
0x0000132c (0x40df0733) x14 0xffffffff
0x00001330 (0x00d473b3) x7  0x00000000
0x00001334 (0x00d47433) x8  0x00000000
0x00001338 (0x007d8eb3) x29 0x00000055
0x0000133c (0x01dfe433) x8  0x0000005f
0x00001340 (0x01dff833) x16 0x00000040
0x00001344 (0x01d87cb3) x25 0x00000040
0x00001348 (0x41d80fb3) x31 0xffffffeb
0x0000134c (0x016e86b3) x13 0x0000000c
0x00001350 (0x00de8433) x8  0x00000061
0x00001354 (0x00dfc333) x6  0xffffffe7
0x00001358 (0x00dfc833) x16 0xffffffe7
0x0000135c (0x00dfcab3) x21 0xffffffe7
0x00001360 (0x00df87b3) x15 0xfffffff7
0x00001364 (0x41b30433) x8  0xffffff92
0x00001368 (0x41040db3) x27 0xffffffab
0x0000136c (0x411c07b3) x15 0xffffffad
0x00001370 (0x0147fd33) x26 0xffffff89
0x00001374 (0x0157f6b3) x13 0xffffffa5
0x00001378 (0x40978bb3) x23 0xffffff8a
0x0000137c (0x008bf893) x17 0x00000008
0x00001380 (0x01bbcdb3) x27 0x00000021
0x00001384 (0x011b8633) x12 0xffffff92
0x00001388 (0x41930eb3) x29 0xffffffa7
0x0000138c (0xff2efe13) x28 0xffffffa2
0x00001390 (0xff1ec593) x11 0x00000056
0x00001394 (0xfebe8d13) x26 0xffffff92
0x00001398 (0x01be89b3) x19 0xffffffc8
0x0000139c (0x416c8e33) x28 0x00000089
0x000013a0 (0x011e7a33) x20 0x00000008
0x000013a4 (0x008e7913) x18 0x00000008
0x000013a8 (0x41ee0933) x18 0x0000014e
0x000013ac (0x406e0cb3) x25 0x000000a2
0x000013b0 (0x00ae7813) x16 0x00000008
0x000013b4 (0x41e782b3) x5  0x00000072
0x000013b8 (0x405f0633) x12 0xfffffec9
0x000013bc (0x408e8b33) x22 0x00000015
0x000013c0 (0x016acfb3) x31 0xfffffff2
0x000013c4 (0x016aceb3) x29 0xfffffff2
0x000013c8 (0x41d80533) x10 0x00000016
0x000013cc (0x00a57cb3) x25 0x00000016
0x000013d0 (0x00ae08b3) x17 0x0000009f
0x000013d4 (0x00a866b3) x13 0x0000001e
0x000013d8 (0x40668bb3) x23 0x00000037
0x000013dc (0x01784e33) x28 0x0000003f
0x000013e0 (0x01786fb3) x31 0x0000003f
0x000013e4 (0x0179c2b3) x5  0xffffffff
0x000013e8 (0x01798db3) x27 0xffffffff
0x000013ec (0x411c07b3) x15 0xffffff58
0x000013f0 (0x00fb7633) x12 0x00000010
0x000013f4 (0x00fb0db3) x27 0xffffff6d
0x000013f8 (0x00fb47b3) x15 0xffffff4d
0x000013fc (0x40fb09b3) x19 0x000000c8
0x00001400 (0x00fb6eb3) x29 0xffffff5d
0x00001404 (0x009f4733) x14 0xffffff18
0x00001408 (0x01e708b3) x17 0xfffffe53
0x0000140c (0x0078cf33) x30 0xfffffe53
0x00001410 (0x409f0cb3) x25 0xfffffe30
0x00001414 (0x011f6833) x16 0xfffffe53
0x00001418 (0x0136c333) x6  0x000000d6
0x0000141c (0xfe230c13) x24 0x000000b8
0x00001420 (0x00734b33) x22 0x000000d6
0x00001424 (0x01034993) x19 0x000000c6
0x00001428 (0x0187cab3) x21 0xfffffff5
0x0000142c (0x01eae2b3) x5  0xfffffff7
0x00001430 (0x017aed33) x26 0xfffffff7
0x00001434 (0x023afa93) x21 0x00000021
0x00001438 (0x017a8a13) x20 0x00000038
0x0000143c (0x0069cf33) x30 0x00000010
0x00001440 (0x014f4f33) x30 0x00000028
0x00001444 (0x016f0b13) x22 0x0000003e
0x00001448 (0x40ef09b3) x19 0x00000110
0x0000144c (0x013f7333) x6  0x00000000
0x00001450 (0x40af0d33) x26 0x00000012
0x00001454 (0x00ecce33) x28 0x00000128
0x00001458 (0x01c744b3) x9  0xfffffe30
0x0000145c (0x01bd4333) x6  0xffffff7f
0x00001460 (0x00638533) x10 0xffffff7f
0x00001464 (0x006c0d33) x26 0x00000037
0x00001468 (0x01aa4733) x14 0x0000000f
0x0000146c (0x00ef47b3) x15 0x00000027
0x00001470 (0x00ef62b3) x5  0x0000002f
0x00001474 (0x40ef04b3) x9  0x00000019
0x00001478 (0x00bc4db3) x27 0x000000ee
0x0000147c (0x01b3f933) x18 0x00000000
0x00001480 (0x01b88533) x10 0xffffff41
0x00001484 (0x01b37ab3) x21 0x0000006e
0x00001488 (0x01b30533) x10 0x0000006d
0x0000148c (0x00cd4ab3) x21 0x00000027
0x00001490 (0x015647b3) x15 0x00000037
0x00001494 (0x015c7533) x10 0x00000020
0x00001498 (0x01540c33) x24 0xffffffb9
0x0000149c (0x01544b33) x22 0xffffffb5
0x000014a0 (0x0155fcb3) x25 0x00000006
0x000014a4 (0x013ee2b3) x5  0xffffff5d
0x000014a8 (0xfde28b13) x22 0xffffff3b
0x000014ac (0x00a96a33) x20 0x00000020
0x000014b0 (0x012a08b3) x17 0x00000020
0x000014b4 (0x413a0eb3) x29 0xffffff10
0x000014b8 (0x01796733) x14 0x00000037
0x000014bc (0x00177793) x15 0x00000001
0x000014c0 (0xfe077813) x16 0x00000020
0x000014c4 (0x405704b3) x9  0x000000da
0x000014c8 (0x00996633) x12 0x000000da
0x000014cc (0x00e66fb3) x31 0x000000ff
0x000014d0 (0x01860733) x14 0x00000093
0x000014d4 (0x41560e33) x28 0x000000b3
0x000014d8 (0x00c672b3) x5  0x000000da
0x000014dc (0x006ee533) x10 0xffffff7f
0x000014e0 (0x41750433) x8  0xffffff48
0x000014e4 (0xff456a93) x21 0xffffffff
0x000014e8 (0x01454433) x8  0xffffff5f
0x000014ec (0x02856313) x6  0xffffff7f
0x000014f0 (0x00956b93) x23 0xffffff7f
0x000014f4 (0x013f6ab3) x21 0x00000138
0x000014f8 (0x0152e8b3) x17 0x000001fa
0x000014fc (0x00c46333) x6  0xffffffdf
0x00001500 (0x006df2b3) x5  0x000000ce
0x00001504 (0x406a0533) x10 0x00000041
0x00001508 (0x01b4ebb3) x23 0x000000fe
0x0000150c (0x0175c733) x14 0x000000a8
0x00001510 (0x0173c333) x6  0x000000fe
0x00001514 (0x417385b3) x11 0xffffff02
0x00001518 (0x01c6e8b3) x17 0x000000bf
0x0000151c (0x01188bb3) x23 0x0000017e
0x00001520 (0x011c4433) x8  0xffffff06
0x00001524 (0x011fc3b3) x7  0x00000040
0x00001528 (0x0119e8b3) x17 0x000001bf
0x0000152c (0x01d7ed33) x26 0xffffff11
0x00001530 (0x01ae8ab3) x21 0xfffffe21
0x00001534 (0x41a48b33) x22 0x000001c9
0x00001538 (0x01a5f833) x16 0xffffff00
0x0000153c (0x01a4e533) x10 0xffffffdb
0x00001540 (0x01ae8933) x18 0xfffffe21
0x00001544 (0x009ff833) x16 0x000000da
0x00001548 (0x00d872b3) x5  0x0000001a
0x0000154c (0x00cdfeb3) x29 0x000000ca
0x00001550 (0x01ee8793) x15 0x000000e8
0x00001554 (0xffae8413) x8  0x000000c4
0x00001558 (0x01f87eb3) x29 0x000000da
0x0000155c (0xff5ec513) x10 0xffffff2f
0x00001560 (0xfdfec693) x13 0xffffff05
0x00001564 (0xfeeecc13) x24 0xffffff34
0x00001568 (0x00ea7333) x6  0x00000020
0x0000156c (0x01736d33) x26 0x0000017e
0x00001570 (0xff936e93) x29 0xfffffff9
0x00001574 (0x018348b3) x17 0xffffff14
0x00001578 (0x011306b3) x13 0xffffff34
0x0000157c (0x0079fd33) x26 0x00000000
0x00001580 (0x00dd6c33) x24 0xffffff34
0x00001584 (0xfd8d6c93) x25 0xffffffd8
0x00001588 (0x027d4493) x9  0x00000027
0x0000158c (0xfddd7b13) x22 0x00000000
0x00001590 (0x020d4b13) x22 0x00000020
0x00001594 (0x017a77b3) x15 0x00000020
0x00001598 (0x00fb6a33) x20 0x00000020
0x0000159c (0x01d57733) x14 0xffffff29
0x000015a0 (0x00eeecb3) x25 0xfffffff9
0x000015a4 (0x00eefd33) x26 0xffffff29
0x000015a8 (0x00edfbb3) x23 0x00000028
0x000015ac (0x41748e33) x28 0xffffffff
0x000015b0 (0x017f4fb3) x31 0x00000000
0x000015b4 (0x417c8ab3) x21 0xffffffd1
0x000015b8 (0x0133f5b3) x11 0x00000000
0x000015bc (0x40b285b3) x11 0x0000001a
0x000015c0 (0x00b283b3) x7  0x00000034
0x000015c4 (0x40b505b3) x11 0xffffff15
0x000015c8 (0x00b54db3) x27 0x0000003a
0x000015cc (0x00fc79b3) x19 0x00000020
0x000015d0 (0x0137c833) x16 0x00000000
0x000015d4 (0x01358933) x18 0xffffff35
0x000015d8 (0x0135ebb3) x23 0xffffff35
0x000015dc (0x0135fab3) x21 0x00000000
0x000015e0 (0x41358533) x10 0xfffffef5
0x000015e4 (0x025e8913) x18 0x0000001e
0x000015e8 (0x01496393) x7  0x0000001e
0x000015ec (0x02798393) x7  0x00000047
0x000015f0 (0x41b386b3) x13 0x0000000d
0x000015f4 (0xfe43e813) x16 0xffffffe7
0x000015f8 (0x016f8393) x7  0x00000016
0x000015fc (0x01d38813) x16 0x00000033
0x00001600 (0x00d3c433) x8  0x0000001b
0x00001604 (0xfe93fa93) x21 0x00000000
0x00001608 (0x02350c93) x25 0xffffff18
0x0000160c (0xfdacca93) x21 0x000000c2
0x00001610 (0x01ccf333) x6  0xffffff18
0x00001614 (0x024ce713) x14 0xffffff3c
0x00001618 (0xff3cc793) x15 0x000000eb
0x0000161c (0xfe840613) x12 0x00000003
0x00001620 (0x01764593) x11 0x00000014
0x00001624 (0x01d60b33) x22 0xfffffffc
0x00001628 (0x01c66c93) x25 0x0000001f
0x0000162c (0x01f64813) x16 0x0000001c
0x00001630 (0x41d603b3) x7  0x0000000a
0x00001634 (0x00344e93) x29 0x00000018
0x00001638 (0x013ef5b3) x11 0x00000000
0x0000163c (0xffd8c493) x9  0x000000e9
0x00001640 (0xfef48b13) x22 0x000000d8
0x00001644 (0x02648693) x13 0x0000010f
0x00001648 (0xfe394f13) x30 0xfffffffd
0x0000164c (0x006f4413) x8  0xfffffffb
0x00001650 (0x01ff68b3) x17 0xfffffffd
0x00001654 (0x01ef72b3) x5  0xfffffffd
0x00001658 (0x021f4a93) x21 0xffffffdc
0x0000165c (0x01eaea33) x20 0xfffffffd
0x00001660 (0x018ac533) x10 0x000000e8
0x00001664 (0xfe0aeb93) x23 0xfffffffc
0x00001668 (0x40ea82b3) x5  0x000000a0
0x0000166c (0x020d4a13) x20 0xffffff09
0x00001670 (0x017a4fb3) x31 0x000000f5
0x00001674 (0x019a7833) x16 0x00000009
0x00001678 (0x005a09b3) x19 0xffffffa9
0x0000167c (0x010a0393) x7  0xffffff19
0x00001680 (0x409a0ab3) x21 0xfffffe20
0x00001684 (0x026ce793) x15 0x0000003f
0x00001688 (0x0067ceb3) x29 0xffffff27
0x0000168c (0xff586793) x15 0xfffffffd
0x00001690 (0x01778313) x6  0x00000014
0x00001694 (0x00d7ecb3) x25 0xffffffff
0x00001698 (0x00a6e913) x18 0x0000010f
0x0000169c (0x01b90333) x6  0x00000149
0x000016a0 (0x010969b3) x19 0x0000010f
0x000016a4 (0xfd990e13) x28 0x000000e8
0x000016a8 (0x028b6c13) x24 0x000000f8
0x000016ac (0x000c7613) x12 0x00000000
0x000016b0 (0x018c4d93) x27 0x000000e0
0x000016b4 (0xfe3c6c13) x24 0xfffffffb
0x000016b8 (0x015c7913) x18 0x00000011
0x000016bc (0x00aeec13) x24 0xffffff2f
0x000016c0 (0x007c4333) x6  0x00000036
0x000016c4 (0xfdcc0313) x6  0xffffff0b
0x000016c8 (0x011c7893) x17 0x00000001
0x000016cc (0x416c07b3) x15 0xfffffe57
0x000016d0 (0x406c0733) x14 0x00000024
0x000016d4 (0x02767e93) x29 0x00000000
0x000016d8 (0xfdaecb13) x22 0xffffffda
0x000016dc (0x00937c93) x25 0x00000009
0x000016e0 (0x011cf2b3) x5  0x00000001
0x000016e4 (0xffdcf613) x12 0x00000009
0x000016e8 (0xfda7f813) x16 0xfffffe52
0x000016ec (0x00387e13) x28 0x00000002
0x000016f0 (0x41180b33) x22 0xfffffe51
0x000016f4 (0x01987cb3) x25 0x00000000
0x000016f8 (0xff7ff813) x16 0x000000f5
0x000016fc (0x01687ab3) x21 0x00000051
0x00001700 (0x01387733) x14 0x00000005
0x00001704 (0x02487513) x10 0x00000024
0x00001708 (0x01d80913) x18 0x00000112
0x0000170c (0xff757313) x6  0x00000024
0x00001710 (0x00736cb3) x25 0xffffff3d
0x00001714 (0x01f37693) x13 0x00000004
0x00001718 (0x41530933) x18 0xffffffd3
0x0000171c (0x01f34b93) x23 0x0000003b
0x00001720 (0x41430e33) x28 0x0000011b
0x00001724 (0x015f07b3) x15 0x0000004e
0x00001728 (0x00f78633) x12 0x0000009c
0x0000172c (0x00bd8eb3) x29 0x000000e0
0x00001730 (0x00aec5b3) x11 0x000000c4
0x00001734 (0x416e8933) x18 0x0000028f
0x00001738 (0x005309b3) x19 0x00000025
0x0000173c (0x0069c333) x6  0x00000001
0x00001740 (0xff398f93) x31 0x00000018
0x00001744 (0x010989b3) x19 0x0000011a
0x00001748 (0x00ff0833) x16 0x0000004b
0x0000174c (0x411807b3) x15 0x0000004a
0x00001750 (0xfef87293) x5  0x0000004b
0x00001754 (0x41480eb3) x29 0x00000142
0x00001758 (0x01486733) x14 0xffffff4b
0x0000175c (0x01f30733) x14 0x00000019
0x00001760 (0x00477b93) x23 0x00000000
0x00001764 (0x011702b3) x5  0x0000001a
0x00001768 (0xfee70f13) x30 0x00000007
0x0000176c (0x00674f93) x31 0x0000001f
0x00001770 (0x01677bb3) x23 0x00000011
0x00001774 (0x009f06b3) x13 0x000000f0
0x00001778 (0x00d4ec33) x24 0x000000f9
0x0000177c (0x00958c33) x24 0x000001ad
0x00001780 (0x018483b3) x7  0x00000296
0x00001784 (0x418e0933) x18 0xffffff6e
0x00001788 (0x007d04b3) x9  0x000001bf
0x0000178c (0x0092c833) x16 0x000001a5
0x00001790 (0x409382b3) x5  0x000000d7
0x00001794 (0x009704b3) x9  0x000001d8
0x00001798 (0x014d06b3) x13 0xfffffe32
0x0000179c (0x00da7433) x8  0xfffffe00
0x000017a0 (0x00da77b3) x15 0xfffffe00
0x000017a4 (0x00d57fb3) x31 0x00000020
0x000017a8 (0x00dd6b33) x22 0xffffff3b
0x000017ac (0x01938c33) x24 0x000001d3
0x000017b0 (0x41868e33) x28 0xfffffc5f
0x000017b4 (0x418782b3) x5  0xfffffc2d
0x000017b8 (0x0187f533) x10 0x00000000
0x000017bc (0x0187eab3) x21 0xffffffd3
0x000017c0 (0x418787b3) x15 0xfffffc2d
0x000017c4 (0x414a88b3) x17 0x000000ca
0x000017c8 (0xfe788e13) x28 0x000000b1
0x000017cc (0x41ed0933) x18 0xffffff22
0x000017d0 (0x01296d33) x26 0xffffff22
0x000017d4 (0x00694c33) x24 0xffffff23
0x000017d8 (0x416a0c33) x24 0xffffffce
0x000017dc (0xfddc6f93) x31 0xffffffdf
0x000017e0 (0xfecc6813) x16 0xffffffee
0x000017e4 (0x016c74b3) x9  0xffffff0a
0x000017e8 (0x41c308b3) x17 0xffffff50
0x000017ec (0x00988433) x8  0xfffffe5a
0x000017f0 (0x02188313) x6  0xffffff71
0x000017f4 (0x01788db3) x27 0xffffff61
0x000017f8 (0x41a88933) x18 0x0000002e
0x000017fc (0x41f30c33) x24 0xffffff92
0x00001800 (0xffbc7693) x13 0xffffff92
0x00001804 (0x005c0533) x10 0xfffffbbf
0x00001808 (0xfebc6e93) x29 0xfffffffb
0x0000180c (0x417c0cb3) x25 0xffffff81
0x00001810 (0x00ac0333) x6  0xfffffb51
0x00001814 (0x40ce06b3) x13 0x00000015
0x00001818 (0x00d60633) x12 0x000000b1
0x0000181c (0x41ae09b3) x19 0x0000018f
0x00001820 (0x413f83b3) x7  0xfffffe50
0x00001824 (0x013e8933) x18 0x0000018a
0x00001828 (0x41bb8433) x8  0x000000b0
0x0000182c (0x008f82b3) x5  0x0000008f
0x00001830 (0x008fc933) x18 0xffffff6f
0x00001834 (0x00894333) x6  0xffffffdf
0x00001838 (0x40598db3) x27 0x00000100
0x0000183c (0x01b64b33) x22 0x000001b1
0x00001840 (0x01beeb33) x22 0xfffffffb
0x00001844 (0x01bd64b3) x9  0xffffff22
0x00001848 (0x01b87733) x14 0x00000100
0x0000184c (0x407587b3) x15 0x00000274
0x00001850 (0x00f38bb3) x23 0x000000c4
0x00001854 (0x00fbc6b3) x13 0x000002b0
0x00001858 (0x00ff7db3) x27 0x00000004
0x0000185c (0x40ff0833) x16 0xfffffd93
0x00001860 (0x00ff7bb3) x23 0x00000004
0x00001864 (0x01a646b3) x13 0xffffff93
0x00001868 (0x0106e533) x10 0xffffff93
0x0000186c (0x018cc533) x10 0x00000013
0x00001870 (0x01b50a13) x20 0x0000002e
0x00001874 (0x01d57f33) x30 0x00000013
0x00001878 (0x01e5cbb3) x23 0x000000d7
0x0000187c (0xff1bf313) x6  0x000000d1
0x00001880 (0x01fbe533) x10 0xffffffdf
0x00001884 (0x01ebe9b3) x19 0x000000d7
0x00001888 (0x00de44b3) x9  0xffffff22
0x0000188c (0x407487b3) x15 0x000000d2
0x00001890 (0xfea48d93) x27 0xffffff0c
0x00001894 (0x40a48533) x10 0xffffff43
0x00001898 (0x41b48c33) x24 0x00000016
0x0000189c (0x01b8ca33) x20 0x0000005c
0x000018a0 (0x00aa6633) x12 0xffffff5f
0x000018a4 (0x017a69b3) x19 0x000000df
0x000018a8 (0x01ba4e93) x29 0x00000047
0x000018ac (0x015a0d33) x26 0x0000002f
0x000018b0 (0x412a06b3) x13 0x000000ed
0x000018b4 (0x0084cfb3) x31 0xffffff92
0x000018b8 (0x01fa6e33) x28 0xffffffde
0x000018bc (0x01f44f33) x30 0xffffff22
0x000018c0 (0x01e8c4b3) x9  0x00000072
0x000018c4 (0x41e60c33) x24 0x0000003d
0x000018c8 (0x0156cb33) x22 0xffffff3e
0x000018cc (0x016af3b3) x7  0xffffff12
0x000018d0 (0x016a7733) x14 0x0000001c
0x000018d4 (0x01698eb3) x29 0x0000001d
0x000018d8 (0x007c4fb3) x31 0xffffff2f
0x000018dc (0x01fcfcb3) x25 0xffffff01
0x000018e0 (0x41fe0b33) x22 0x000000af
0x000018e4 (0x01f5f9b3) x19 0x00000004
0x000018e8 (0x01f38bb3) x23 0xfffffe41
0x000018ec (0x00efc7b3) x15 0xffffff33
0x000018f0 (0x40fe8933) x18 0x000000ea
0x000018f4 (0x00ff4333) x6  0x00000011
0x000018f8 (0x40f58833) x16 0x00000191
0x000018fc (0x00f90633) x12 0x0000001d
0x00001900 (0x00f964b3) x9  0xfffffffb
0x00001904 (0x00fee533) x10 0xffffff3f
0x00001908 (0x41a50433) x8  0xffffff10
0x0000190c (0x01ed62b3) x5  0xffffff2f
0x00001910 (0x41428933) x18 0xfffffed3
0x00001914 (0x0182eb93) x23 0xffffff3f
0x00001918 (0x00dc6fb3) x31 0x000000fd
0x0000191c (0x00dfe633) x12 0x000000fd
0x00001920 (0x017fff33) x30 0x0000003d
0x00001924 (0x00aff333) x6  0x0000003d
0x00001928 (0x01ed6ab3) x21 0x0000003f
0x0000192c (0x022a8e13) x28 0x00000061
0x00001930 (0x01cac733) x14 0x0000005e
0x00001934 (0x40da8ab3) x21 0xffffff52
0x00001938 (0x020ace93) x29 0xffffff72
0x0000193c (0x018de7b3) x15 0xffffff3d
0x00001940 (0x00e7c8b3) x17 0xffffff63
0x00001944 (0x419783b3) x7  0x0000003c
0x00001948 (0x41a78ab3) x21 0xffffff0e
0x0000194c (0x418789b3) x19 0xffffff00
0x00001950 (0x40c788b3) x17 0xfffffe40
0x00001954 (0x012ae3b3) x7  0xffffffdf
0x00001958 (0x007ecbb3) x23 0x000000ad
0x0000195c (0x01a5e633) x12 0x000000ef
0x00001960 (0x00c54a33) x20 0xffffffd0
0x00001964 (0x40c50933) x18 0xfffffe50
0x00001968 (0x01d5ea33) x20 0xfffffff6
0x0000196c (0x014cf2b3) x5  0xffffff00
0x00001970 (0x014cc633) x12 0x000000f7
0x00001974 (0x014cf733) x14 0xffffff00
0x00001978 (0x010669b3) x19 0x000001f7
0x0000197c (0x013878b3) x17 0x00000191
0x00001980 (0x0137e633) x12 0xffffffff
0x00001984 (0x0137ec33) x24 0xffffffff
0x00001988 (0x013ae933) x18 0xffffffff
0x0000198c (0x0167ed33) x26 0xffffffbf
0x00001990 (0x01af0633) x12 0xfffffffc
0x00001994 (0x41af0bb3) x23 0x0000007e
0x00001998 (0x01af03b3) x7  0xfffffffc
0x0000199c (0x01a9eb33) x22 0xffffffff
0x000019a0 (0x41ab0433) x8  0x00000040
0x000019a4 (0x01737d33) x26 0x0000003c
0x000019a8 (0x014d0e13) x28 0x00000050
0x000019ac (0x00b57fb3) x31 0x00000004
0x000019b0 (0x013f8ab3) x21 0x000001fb
0x000019b4 (0xfd8f8f13) x30 0xffffffdc
0x000019b8 (0x00ccf5b3) x11 0xffffff00
0x000019bc (0x01c5fa13) x20 0x00000000
0x000019c0 (0xfef5e513) x10 0xffffffef
0x000019c4 (0x0105e633) x12 0xffffff91
0x000019c8 (0x01b7f3b3) x7  0xffffff0c
0x000019cc (0xff83cc13) x24 0x000000f4
0x000019d0 (0x0143e713) x14 0xffffff1c
0x000019d4 (0x00f3e3b3) x7  0xffffff3d
0x000019d8 (0xfec3ef93) x31 0xfffffffd
0x000019dc (0x01aefc33) x24 0x00000030
0x000019e0 (0x00dc4f93) x31 0x0000003d
0x000019e4 (0xff6c7393) x7  0x00000030
0x000019e8 (0x011c6ab3) x21 0x000001b1
0x000019ec (0x41ec03b3) x7  0x00000054
0x000019f0 (0x01ec4bb3) x23 0xffffffec
0x000019f4 (0x012d7e33) x28 0x0000003c
0x000019f8 (0x01cb4933) x18 0xffffffc3
0x000019fc (0x00f2f533) x10 0xffffff00
0x00001a00 (0x00a6f633) x12 0x00000000
0x00001a04 (0x00a6f533) x10 0x00000000
0x00001a08 (0x01567c33) x24 0x00000000
0x00001a0c (0x018ae9b3) x19 0x000001b1
0x00001a10 (0x018a8833) x16 0x000001b1
0x00001a14 (0x018e4533) x10 0x0000003c
0x00001a18 (0x00837fb3) x31 0x00000000
0x00001a1c (0x01f47d33) x26 0x00000000
0x00001a20 (0x01f47cb3) x25 0x00000000
0x00001a24 (0x01fac8b3) x17 0x000001b1
0x00001a28 (0x41f30ab3) x21 0x0000003d
0x00001a2c (0x01c3f9b3) x19 0x00000014
0x00001a30 (0x013dcbb3) x23 0xffffff18
0x00001a34 (0x013a44b3) x9  0x00000014
0x00001a38 (0x013a7c33) x24 0x00000000
0x00001a3c (0x013a02b3) x5  0x00000014
0x00001a40 (0x013a7ab3) x21 0x00000000
0x00001a44 (0xffdd0493) x9  0xfffffffd
0x00001a48 (0x0254e693) x13 0xfffffffd
0x00001a4c (0xff4e8c13) x24 0xffffff66
0x00001a50 (0x01ec4533) x10 0x000000ba
0x00001a54 (0x01ec7b33) x22 0xffffff44
0x00001a58 (0x00570b93) x23 0xffffff21
0x00001a5c (0xff7be793) x15 0xfffffff7
0x00001a60 (0x01cbe6b3) x13 0xffffff3d
0x00001a64 (0x012b8633) x12 0xfffffee4
0x00001a68 (0xff970393) x7  0xffffff15
0x00001a6c (0x0253f693) x13 0x00000005
0x00001a70 (0x0063f293) x5  0x00000004
0x00001a74 (0x41b387b3) x15 0x00000009
0x00001a78 (0x0173ec93) x25 0xffffff17
0x00001a7c (0xfdb58913) x18 0xfffffedb
0x00001a80 (0x00e94b13) x22 0xfffffed5
0x00001a84 (0x00697a33) x20 0x00000019
0x00001a88 (0x00794f93) x31 0xfffffedc
0x00001a8c (0x41e90db3) x27 0xfffffeff
0x00001a90 (0x018975b3) x11 0xfffffe42
0x00001a94 (0x017e4a13) x20 0x0000002b
0x00001a98 (0x025a4c93) x25 0x0000000e
0x00001a9c (0xfead4513) x10 0xffffffea
0x00001aa0 (0x01856b33) x22 0xffffffee
0x00001aa4 (0x01b573b3) x7  0xfffffeea
0x00001aa8 (0x00854e13) x28 0xffffffe2
0x00001aac (0x01de0cb3) x25 0xffffff54
0x00001ab0 (0xff3e4313) x6  0x00000011
0x00001ab4 (0xfede7f13) x30 0xffffffe0
0x00001ab8 (0xff2d4f13) x30 0xfffffff2
0x00001abc (0x015f7ab3) x21 0x00000000
0x00001ac0 (0x01df6633) x12 0xfffffff2
0x00001ac4 (0x002f7c13) x24 0x00000002
0x00001ac8 (0x00df4cb3) x25 0xfffffff7
0x00001acc (0x01d5cf13) x30 0xfffffe5f
0x00001ad0 (0xfe2f4313) x6  0x000001bd
0x00001ad4 (0x40bf04b3) x9  0x0000001d
0x00001ad8 (0x414f06b3) x13 0xfffffe34
0x00001adc (0xffef4e93) x29 0x000001a1
0x00001ae0 (0x00df7bb3) x23 0xfffffe14
0x00001ae4 (0xff08e413) x8  0xfffffff1
0x00001ae8 (0x018402b3) x5  0xfffffff3
0x00001aec (0x01e56593) x11 0xfffffffe
0x00001af0 (0x0075fb33) x22 0xfffffeea
0x00001af4 (0x01a58f93) x31 0x00000018
0x00001af8 (0xffb6ed13) x26 0xffffffff
0x00001afc (0x015d44b3) x9  0xffffffff
0x00001b00 (0x01dd66b3) x13 0xffffffff
0x00001b04 (0x006d67b3) x15 0xffffffff
0x00001b08 (0x00a9e413) x8  0x0000001e
0x00001b0c (0x01946cb3) x25 0xffffffff
0x00001b10 (0xfe747493) x9  0x00000006
0x00001b14 (0x01347933) x18 0x00000014
0x00001b18 (0x02440693) x13 0x00000042
0x00001b1c (0xfde9ec13) x24 0xffffffde
0x00001b20 (0x018c0cb3) x25 0xffffffbc
0x00001b24 (0x018c4633) x12 0x00000000
0x00001b28 (0x001c6e93) x29 0xffffffdf
0x00001b2c (0x00dc0b13) x22 0xffffffeb
0x00001b30 (0x405c0333) x6  0xffffffeb
0x00001b34 (0xfd84f313) x6  0x00000000
0x00001b38 (0x00737d33) x26 0x00000000
0x00001b3c (0x01b47293) x5  0x0000001a
0x00001b40 (0xff328793) x15 0x0000000d
0x00001b44 (0x0082edb3) x27 0x0000001e
0x00001b48 (0xfdba7b93) x23 0x0000000b
0x00001b4c (0x00bbea93) x21 0x0000000b
0x00001b50 (0x017b8b33) x22 0x00000016
0x00001b54 (0x01abceb3) x29 0x0000000b
0x00001b58 (0xfe657893) x17 0xffffffe2
0x00001b5c (0x00f8c933) x18 0xffffffef
0x00001b60 (0xfe288f13) x30 0xffffffc4
0x00001b64 (0x00c8f3b3) x7  0x00000000
0x00001b68 (0xfe48cf13) x30 0x00000006
0x00001b6c (0x01177b13) x22 0x00000010
0x00001b70 (0x009b65b3) x11 0x00000016
0x00001b74 (0x010b7613) x12 0x00000010
0x00001b78 (0x416b02b3) x5  0x00000000
0x00001b7c (0x01ab6833) x16 0x00000010
0x00001b80 (0x41fb03b3) x7  0xfffffff8
0x00001b84 (0x00400293) x5  0x00000004
0x00001b88 (0x00500863)
0x00001b8c (0xfff28293) x5  0x00000003
0x00001b90 (0x00000013)
0x00001b94 (0xff5ff06f)
0x00001b88 (0x00500863)
0x00001b8c (0xfff28293) x5  0x00000002
0x00001b90 (0x00000013)
0x00001b94 (0xff5ff06f)
0x00001b88 (0x00500863)
0x00001b8c (0xfff28293) x5  0x00000001
0x00001b90 (0x00000013)
0x00001b94 (0xff5ff06f)
0x00001b88 (0x00500863)
0x00001b8c (0xfff28293) x5  0x00000000
0x00001b90 (0x00000013)
0x00001b94 (0xff5ff06f)
0x00001b88 (0x00500863)
0x00001b98 (0x00100093) x1  0x00000001
0x00001b9c (0x00200113) x2  0x00000002
0x00001ba0 (0x00300193) x3  0x00000003
0x00001ba4 (0x00400213) x4  0x00000004
0x00001ba8 (0x00500293) x5  0x00000005
0x00001bac (0x00600313) x6  0x00000006
0x00001bb0 (0x00700393) x7  0x00000007
0x00001bb4 (0x00800413) x8  0x00000008
0x00001bb8 (0x00900493) x9  0x00000009
0x00001bbc (0x00a00513) x10 0x0000000a
0x00001bc0 (0x00b00593) x11 0x0000000b
0x00001bc4 (0x00c00613) x12 0x0000000c
0x00001bc8 (0x00d00693) x13 0x0000000d
0x00001bcc (0x00e00713) x14 0x0000000e
0x00001bd0 (0x00f00793) x15 0x0000000f
0x00001bd4 (0x01000813) x16 0x00000010
0x00001bd8 (0x01100893) x17 0x00000011
0x00001bdc (0x01200913) x18 0x00000012
0x00001be0 (0x01300993) x19 0x00000013
0x00001be4 (0x01400a13) x20 0x00000014
0x00001be8 (0x01500a93) x21 0x00000015
0x00001bec (0x01600b13) x22 0x00000016
0x00001bf0 (0x01700b93) x23 0x00000017
0x00001bf4 (0x01800c13) x24 0x00000018
0x00001bf8 (0x01900c93) x25 0x00000019
0x00001bfc (0x01a00d13) x26 0x0000001a
0x00001c00 (0x01b00d93) x27 0x0000001b
0x00001c04 (0x01c00e13) x28 0x0000001c
0x00001c08 (0x01d00e93) x29 0x0000001d
0x00001c0c (0x01e00f13) x30 0x0000001e
0x00001c10 (0x01f00f93) x31 0x0000001f
0x00001c14 (0x011e0b93) x23 0x0000002d
0x00001c18 (0x01cbfc33) x24 0x0000000c
0x00001c1c (0x017b63b3) x7  0x0000003f
0x00001c20 (0x412b89b3) x19 0x0000001b
0x00001c24 (0x00400093) x1  0x00000004
0x00001c28 (0xfff00113) x2  0xffffffff
0x00001c2c (0x00200193) x3  0x00000002
0x00001c30 (0x0020a213) x4  0x00000000
0x00001c34 (0x00112213) x4  0x00000001
0x00001c38 (0x0020b213) x4  0x00000000
0x00001c3c (0x00113213) x4  0x00000000
0x00001c40 (0x0070c213) x4  0x00000003
0x00001c44 (0x0010c213) x4  0x00000005
0x00001c48 (0x0070e213) x4  0x00000007
0x00001c4c (0x0010e213) x4  0x00000005
0x00001c50 (0x0070f213) x4  0x00000004
0x00001c54 (0x0010f213) x4  0x00000000
0x00001c58 (0x00309213) x4  0x00000020
0x00001c5c (0x00385213) x4  0x00000002
0x00001c60 (0x4048d213) x4  0x00000001
0x00001c64 (0x001102b3) x5  0x00000003
0x00001c68 (0x402082b3) x5  0x00000005
0x00001c6c (0x003092b3) x5  0x00000010
0x00001c70 (0x0020a2b3) x5  0x00000000
0x00001c74 (0x001122b3) x5  0x00000001
0x00001c78 (0x0020b2b3) x5  0x00000001
0x00001c7c (0x001132b3) x5  0x00000000
0x00001c80 (0x0020c2b3) x5  0xfffffffb
0x00001c84 (0x0032d2b3) x5  0x3ffffffe
0x00001c88 (0x4032d2b3) x5  0x0fffffff
0x00001c8c (0x0020e2b3) x5  0xffffffff
0x00001c90 (0x0020f2b3) x5  0x00000004
0x00001c94 (0x00000397) x7  0x80001c94
0x00001c98 (0x010000ef) x1  0x80001c9c
0x00001ca8 (0x01700093) x1  0x00000017
0x00001cac (0xfe600113) x2  0xffffffe6
0x00001cb0 (0x03100193) x3  0x00000031
0x00001cb4 (0x0100046f) x8  0x80001cb8
0x00001cc4 (0x00b00093) x1  0x0000000b
0x00001cc8 (0xff400113) x2  0xfffffff4
0x00001ccc (0xff300193) x3  0xfffffff3
0x00001cd0 (0x00400093) x1  0x00000004
0x00001cd4 (0xfff00113) x2  0xffffffff
0x00001cd8 (0x00200193) x3  0x00000002
0x00001cdc (0x001100b3) x1  0x00000003
0x00001ce0 (0x40208233) x4  0x00000004
0x00001ce4 (0x003092b3) x5  0x0000000c
0x00001ce8 (0x0020a333) x6  0x00000000
0x00001cec (0x001123b3) x7  0x00000001
0x00001cf0 (0x0020b433) x8  0x00000001
0x00001cf4 (0x001134b3) x9  0x00000000
0x00001cf8 (0x0020c533) x10 0xfffffffc
0x00001cfc (0x0032d5b3) x11 0x00000003
0x00001d00 (0x4032d633) x12 0x00000003
0x00001d04 (0x0020e6b3) x13 0xffffffff
0x00001d08 (0x0020f733) x14 0x00000003
0x00001d0c (0xfc2098e3)
0x00001cdc (0x001100b3) x1  0x00000002
0x00001ce0 (0x40208233) x4  0x00000003
0x00001ce4 (0x003092b3) x5  0x00000008
0x00001ce8 (0x0020a333) x6  0x00000000
0x00001cec (0x001123b3) x7  0x00000001
0x00001cf0 (0x0020b433) x8  0x00000001
0x00001cf4 (0x001134b3) x9  0x00000000
0x00001cf8 (0x0020c533) x10 0xfffffffd
0x00001cfc (0x0032d5b3) x11 0x00000002
0x00001d00 (0x4032d633) x12 0x00000002
0x00001d04 (0x0020e6b3) x13 0xffffffff
0x00001d08 (0x0020f733) x14 0x00000002
0x00001d0c (0xfc2098e3)
0x00001cdc (0x001100b3) x1  0x00000001
0x00001ce0 (0x40208233) x4  0x00000002
0x00001ce4 (0x003092b3) x5  0x00000004
0x00001ce8 (0x0020a333) x6  0x00000000
0x00001cec (0x001123b3) x7  0x00000001
0x00001cf0 (0x0020b433) x8  0x00000001
0x00001cf4 (0x001134b3) x9  0x00000000
0x00001cf8 (0x0020c533) x10 0xfffffffe
0x00001cfc (0x0032d5b3) x11 0x00000001
0x00001d00 (0x4032d633) x12 0x00000001
0x00001d04 (0x0020e6b3) x13 0xffffffff
0x00001d08 (0x0020f733) x14 0x00000001
0x00001d0c (0xfc2098e3)
0x00001cdc (0x001100b3) x1  0x00000000
0x00001ce0 (0x40208233) x4  0x00000001
0x00001ce4 (0x003092b3) x5  0x00000000
0x00001ce8 (0x0020a333) x6  0x00000000
0x00001cec (0x001123b3) x7  0x00000001
0x00001cf0 (0x0020b433) x8  0x00000001
0x00001cf4 (0x001134b3) x9  0x00000000
0x00001cf8 (0x0020c533) x10 0xffffffff
0x00001cfc (0x0032d5b3) x11 0x00000000
0x00001d00 (0x4032d633) x12 0x00000000
0x00001d04 (0x0020e6b3) x13 0xffffffff
0x00001d08 (0x0020f733) x14 0x00000000
0x00001d0c (0xfc2098e3)
0x00001cdc (0x001100b3) x1  0xffffffff
0x00001ce0 (0x40208233) x4  0x00000000
0x00001ce4 (0x003092b3) x5  0xfffffffc
0x00001ce8 (0x0020a333) x6  0x00000000
0x00001cec (0x001123b3) x7  0x00000000
0x00001cf0 (0x0020b433) x8  0x00000000
0x00001cf4 (0x001134b3) x9  0x00000000
0x00001cf8 (0x0020c533) x10 0x00000000
0x00001cfc (0x0032d5b3) x11 0x3fffffff
0x00001d00 (0x4032d633) x12 0xffffffff
0x00001d04 (0x0020e6b3) x13 0xffffffff
0x00001d08 (0x0020f733) x14 0xffffffff
0x00001d0c (0xfc2098e3)
0x00001d10 (0x00208863)
0x00001d20 (0x0020a313) x6  0x00000001
0x00001d24 (0x00112393) x7  0x00000001
0x00001d28 (0x0020b413) x8  0x00000000
0x00001d2c (0x00113493) x9  0x00000000
0x00001d30 (0x0070c513) x10 0xfffffff8
0x00001d34 (0x0010c593) x11 0xfffffffe
0x00001d38 (0x0070e613) x12 0xffffffff
0x00001d3c (0x0010e693) x13 0xffffffff
0x00001d40 (0x0070f713) x14 0x00000007
0x00001d44 (0x0010f793) x15 0x00000001
0x00001d48 (0x00309813) x16 0xfffffff8
0x00001d4c (0x00385893) x17 0x1fffffff
0x00001d50 (0x4048d913) x18 0x01ffffff
0x00001d54 (0x0230c463)
0x00001d7c (0x0211d463)
0x00001da4 (0x02a2f463)
0x00001dcc (0x02556463)
0x00001df4 (0x00000013)
0x00001df8 (0x2d00006f)
